Component: ARM Compiler 5.06 update 7 (build 960) Tool: armlink [4d3601]

==============================================================================

Section Cross References

    startup_stm32f10x_hd.o(STACK) refers (Special) to heapauxi.o(.text) for __use_two_region_memory
    startup_stm32f10x_hd.o(HEAP) refers (Special) to heapauxi.o(.text) for __use_two_region_memory
    startup_stm32f10x_hd.o(RESET) refers (Special) to heapauxi.o(.text) for __use_two_region_memory
    startup_stm32f10x_hd.o(RESET) refers to startup_stm32f10x_hd.o(STACK) for __initial_sp
    startup_stm32f10x_hd.o(RESET) refers to startup_stm32f10x_hd.o(.text) for Reset_Handler
    startup_stm32f10x_hd.o(RESET) refers to stm32f10x_it.o(i.NMI_Handler) for NMI_Handler
    startup_stm32f10x_hd.o(RESET) refers to stm32f10x_it.o(i.HardFault_Handler) for HardFault_Handler
    startup_stm32f10x_hd.o(RESET) refers to stm32f10x_it.o(i.MemManage_Handler) for MemManage_Handler
    startup_stm32f10x_hd.o(RESET) refers to stm32f10x_it.o(i.BusFault_Handler) for BusFault_Handler
    startup_stm32f10x_hd.o(RESET) refers to stm32f10x_it.o(i.UsageFault_Handler) for UsageFault_Handler
    startup_stm32f10x_hd.o(RESET) refers to stm32f10x_it.o(i.SVC_Handler) for SVC_Handler
    startup_stm32f10x_hd.o(RESET) refers to stm32f10x_it.o(i.DebugMon_Handler) for DebugMon_Handler
    startup_stm32f10x_hd.o(RESET) refers to stm32f10x_it.o(i.PendSV_Handler) for PendSV_Handler
    startup_stm32f10x_hd.o(RESET) refers to stm32f10x_it.o(i.SysTick_Handler) for SysTick_Handler
    startup_stm32f10x_hd.o(RESET) refers to main.o(i.RTC_IRQHandler) for RTC_IRQHandler
    startup_stm32f10x_hd.o(RESET) refers to stm32f10x_it.o(i.EXTI0_IRQHandler) for EXTI0_IRQHandler
    startup_stm32f10x_hd.o(RESET) refers to main.o(i.ADC1_2_IRQHandler) for ADC1_2_IRQHandler
    startup_stm32f10x_hd.o(RESET) refers to main.o(i.TIM2_IRQHandler) for TIM2_IRQHandler
    startup_stm32f10x_hd.o(RESET) refers to main.o(i.USART1_IRQHandler) for USART1_IRQHandler
    startup_stm32f10x_hd.o(RESET) refers to stm32f10x_it.o(i.EXTI15_10_IRQHandler) for EXTI15_10_IRQHandler
    startup_stm32f10x_hd.o(.text) refers (Special) to heapauxi.o(.text) for __use_two_region_memory
    startup_stm32f10x_hd.o(.text) refers to system_stm32f10x.o(i.SystemInit) for SystemInit
    startup_stm32f10x_hd.o(.text) refers to __main.o(!!!main) for __main
    startup_stm32f10x_hd.o(.text) refers to startup_stm32f10x_hd.o(HEAP) for Heap_Mem
    startup_stm32f10x_hd.o(.text) refers to startup_stm32f10x_hd.o(STACK) for Stack_Mem
    system_stm32f10x.o(i.SetSysClock) refers to system_stm32f10x.o(i.SetSysClockTo72) for SetSysClockTo72
    system_stm32f10x.o(i.SystemCoreClockUpdate) refers to system_stm32f10x.o(.data) for SystemCoreClock
    system_stm32f10x.o(i.SystemInit) refers to system_stm32f10x.o(i.SetSysClock) for SetSysClock
    stm32f10x_usart.o(i.USART_DeInit) refers to stm32f10x_rcc.o(i.RCC_APB2PeriphResetCmd) for RCC_APB2PeriphResetCmd
    stm32f10x_usart.o(i.USART_DeInit) refers to stm32f10x_rcc.o(i.RCC_APB1PeriphResetCmd) for RCC_APB1PeriphResetCmd
    stm32f10x_usart.o(i.USART_Init) refers to stm32f10x_rcc.o(i.RCC_GetClocksFreq) for RCC_GetClocksFreq
    stm32f10x_tim.o(i.TIM_DeInit) refers to stm32f10x_rcc.o(i.RCC_APB2PeriphResetCmd) for RCC_APB2PeriphResetCmd
    stm32f10x_tim.o(i.TIM_DeInit) refers to stm32f10x_rcc.o(i.RCC_APB1PeriphResetCmd) for RCC_APB1PeriphResetCmd
    stm32f10x_tim.o(i.TIM_ETRClockMode1Config) refers to stm32f10x_tim.o(i.TIM_ETRConfig) for TIM_ETRConfig
    stm32f10x_tim.o(i.TIM_ETRClockMode2Config) refers to stm32f10x_tim.o(i.TIM_ETRConfig) for TIM_ETRConfig
    stm32f10x_tim.o(i.TIM_ICInit) refers to stm32f10x_tim.o(i.TI1_Config) for TI1_Config
    stm32f10x_tim.o(i.TIM_ICInit) refers to stm32f10x_tim.o(i.TIM_SetIC1Prescaler) for TIM_SetIC1Prescaler
    stm32f10x_tim.o(i.TIM_ICInit) refers to stm32f10x_tim.o(i.TI2_Config) for TI2_Config
    stm32f10x_tim.o(i.TIM_ICInit) refers to stm32f10x_tim.o(i.TIM_SetIC2Prescaler) for TIM_SetIC2Prescaler
    stm32f10x_tim.o(i.TIM_ICInit) refers to stm32f10x_tim.o(i.TI3_Config) for TI3_Config
    stm32f10x_tim.o(i.TIM_ICInit) refers to stm32f10x_tim.o(i.TIM_SetIC3Prescaler) for TIM_SetIC3Prescaler
    stm32f10x_tim.o(i.TIM_ICInit) refers to stm32f10x_tim.o(i.TI4_Config) for TI4_Config
    stm32f10x_tim.o(i.TIM_ICInit) refers to stm32f10x_tim.o(i.TIM_SetIC4Prescaler) for TIM_SetIC4Prescaler
    stm32f10x_tim.o(i.TIM_ITRxExternalClockConfig) refers to stm32f10x_tim.o(i.TIM_SelectInputTrigger) for TIM_SelectInputTrigger
    stm32f10x_tim.o(i.TIM_PWMIConfig) refers to stm32f10x_tim.o(i.TI1_Config) for TI1_Config
    stm32f10x_tim.o(i.TIM_PWMIConfig) refers to stm32f10x_tim.o(i.TIM_SetIC1Prescaler) for TIM_SetIC1Prescaler
    stm32f10x_tim.o(i.TIM_PWMIConfig) refers to stm32f10x_tim.o(i.TI2_Config) for TI2_Config
[...]
    ..\Library\c\stm32f10x_gpio.c            0x00000000   Number         0  stm32f10x_gpio.o ABSOLUTE
    ..\Library\c\stm32f10x_i2c.c             0x00000000   Number         0  stm32f10x_i2c.o ABSOLUTE
    ..\Library\c\stm32f10x_pwr.c             0x00000000   Number         0  stm32f10x_pwr.o ABSOLUTE
    ..\Library\c\stm32f10x_rcc.c             0x00000000   Number         0  stm32f10x_rcc.o ABSOLUTE
    ..\Library\c\stm32f10x_rtc.c             0x00000000   Number         0  stm32f10x_rtc.o ABSOLUTE
    ..\Library\c\stm32f10x_sdio.c            0x00000000   Number         0  stm32f10x_sdio.o ABSOLUTE
    ..\Library\c\stm32f10x_spi.c             0x00000000   Number         0  stm32f10x_spi.o ABSOLUTE
    ..\Library\c\stm32f10x_tim.c             0x00000000   Number         0  stm32f10x_tim.o ABSOLUTE
    ..\Library\c\stm32f10x_usart.c           0x00000000   Number         0  stm32f10x_usart.o ABSOLUTE
    ..\Start\core_cm3.c                      0x00000000   Number         0  core_cm3.o ABSOLUTE
    ..\Start\startup_stm32f10x_hd.s          0x00000000   Number         0  startup_stm32f10x_hd.o ABSOLUTE
    ..\Start\system_stm32f10x.c              0x00000000   Number         0  system_stm32f10x.o ABSOLUTE
    ..\User\bsp_AD_Light.c                   0x00000000   Number         0  bsp_ad_light.o ABSOLUTE
    ..\User\bsp_OLED.c                       0x00000000   Number         0  bsp_oled.o ABSOLUTE
    ..\User\bsp_OLED_Data.c                  0x00000000   Number         0  bsp_oled_data.o ABSOLUTE
    ..\User\bsp_PWM.c                        0x00000000   Number         0  bsp_pwm.o ABSOLUTE
    ..\User\bsp_RTC.c                        0x00000000   Number         0  bsp_rtc.o ABSOLUTE
    ..\User\bsp_debug.c                      0x00000000   Number         0  bsp_debug.o ABSOLUTE
    ..\User\hs_ceju.c                        0x00000000   Number         0  hs_ceju.o ABSOLUTE
    ..\User\light_config.c                   0x00000000   Number         0  light_config.o ABSOLUTE
    ..\User\main.c                           0x00000000   Number         0  main.o ABSOLUTE
    ..\User\stm32f10x_it.c                   0x00000000   Number         0  stm32f10x_it.o ABSOLUTE
    ..\\Start\\core_cm3.c                    0x00000000   Number         0  core_cm3.o ABSOLUTE
    dc.s                                     0x00000000   Number         0  dc.o ABSOLUTE
    RESET                                    0x08000000   Section      304  startup_stm32f10x_hd.o(RESET)
    !!!main                                  0x08000130   Section        8  __main.o(!!!main)
    !!!scatter                               0x08000138   Section       52  __scatter.o(!!!scatter)
    !!handler_copy                           0x0800016c   Section       26  __scatter_copy.o(!!handler_copy)
    !!handler_zi                             0x08000188   Section       28  __scatter_zi.o(!!handler_zi)
    .ARM.Collect$$libinit$$00000000          0x080001a4   Section        2  libinit.o(.ARM.Collect$$libinit$$00000000)
    .ARM.Collect$$libinit$$00000002          0x080001a6   Section        0  libinit2.o(.ARM.Collect$$libinit$$00000002)
    .ARM.Collect$$libinit$$00000004          0x080001a6   Section        0  libinit2.o(.ARM.Collect$$libinit$$00000004)
    .ARM.Collect$$libinit$$0000000A          0x080001a6   Section        0  libinit2.o(.ARM.Collect$$libinit$$0000000A)
    .ARM.Collect$$libinit$$0000000C          0x080001a6   Section        0  libinit2.o(.ARM.Collect$$libinit$$0000000C)
    .ARM.Collect$$libinit$$0000000E          0x080001a6   Section        0  libinit2.o(.ARM.Collect$$libinit$$0000000E)
    .ARM.Collect$$libinit$$00000011          0x080001a6   Section        0  libinit2.o(.ARM.Collect$$libinit$$00000011)
    .ARM.Collect$$libinit$$00000013          0x080001a6   Section        0  libinit2.o(.ARM.Collect$$libinit$$00000013)
    .ARM.Collect$$libinit$$00000015          0x080001a6   Section        0  libinit2.o(.ARM.Collect$$libinit$$00000015)
    .ARM.Collect$$libinit$$00000017          0x080001a6   Section        0  libinit2.o(.ARM.Collect$$libinit$$00000017)
    .ARM.Collect$$libinit$$00000019          0x080001a6   Section        0  libinit2.o(.ARM.Collect$$libinit$$00000019)
    .ARM.Collect$$libinit$$0000001B          0x080001a6   Section        0  libinit2.o(.ARM.Collect$$libinit$$0000001B)
    .ARM.Collect$$libinit$$0000001D          0x080001a6   Section        0  libinit2.o(.ARM.Collect$$libinit$$0000001D)
    .ARM.Collect$$libinit$$0000001F          0x080001a6   Section        0  libinit2.o(.ARM.Collect$$libinit$$0000001F)
    .ARM.Collect$$libinit$$00000021          0x080001a6   Section        0  libinit2.o(.ARM.Collect$$libinit$$00000021)
    .ARM.Collect$$libinit$$00000023          0x080001a6   Section        0  libinit2.o(.ARM.Collect$$libinit$$00000023)
    .ARM.Collect$$libinit$$00000025          0x080001a6   Section        0  libinit2.o(.ARM.Collect$$libinit$$00000025)
    .ARM.Collect$$libinit$$0000002C          0x080001a6   Section        0  libinit2.o(.ARM.Collect$$libinit$$0000002C)
    .ARM.Collect$$libinit$$0000002E          0x080001a6   Section        0  libinit2.o(.ARM.Collect$$libinit$$0000002E)
    .ARM.Collect$$libinit$$00000030          0x080001a6   Section        0  libinit2.o(.ARM.Collect$$libinit$$00000030)
    .ARM.Collect$$libinit$$00000032          0x080001a6   Section        0  libinit2.o(.ARM.Collect$$libinit$$00000032)
    .ARM.Collect$$libinit$$00000033          0x080001a6   Section        2  libinit2.o(.ARM.Collect$$libinit$$00000033)
    .ARM.Collect$$libshutdown$$00000000      0x080001a8   Section        2  libshutdown.o(.ARM.Collect$$libshutdown$$00000000)
    .ARM.Collect$$libshutdown$$00000002      0x080001aa   Section        0  libshutdown2.o(.ARM.Collect$$libshutdown$$00000002)
    .ARM.Collect$$libshutdown$$00000004      0x080001aa   Section        0  libshutdown2.o(.ARM.Collect$$libshutdown$$00000004)
    .ARM.Collect$$libshutdown$$00000006      0x080001aa   Section        0  libshutdown2.o(.ARM.Collect$$libshutdown$$00000006)
    .ARM.Collect$$libshutdown$$00000009      0x080001aa   Section        0  libshutdown2.o(.ARM.Collect$$libshutdown$$00000009)
    .ARM.Collect$$libshutdown$$0000000C      0x080001aa   Section        0  libshutdown2.o(.ARM.Collect$$libshutdown$$0000000C)
    .ARM.Collect$$libshutdown$$0000000E      0x080001aa   Section        0  libshutdown2.o(.ARM.Collect$$libshutdown$$0000000E)
    .ARM.Collect$$libshutdown$$00000011      0x080001aa   Section        0  libshutdown2.o(.ARM.Collect$$libshutdown$$00000011)
    .ARM.Collect$$libshutdown$$00000012      0x080001aa   Section        2  libshutdown2.o(.ARM.Collect$$libshutdown$$00000012)
    .ARM.Collect$$rtentry$$00000000          0x080001ac   Section        0  __rtentry.o(.ARM.Collect$$rtentry$$00000000)
    .ARM.Collect$$rtentry$$00000002          0x080001ac   Section        0  __rtentry2.o(.ARM.Collect$$rtentry$$00000002)
    .ARM.Collect$$rtentry$$00000004          0x080001ac   Section        6  __rtentry4.o(.ARM.Collect$$rtentry$$00000004)
    .ARM.Collect$$rtentry$$00000009          0x080001b2   Section        0  __rtentry2.o(.ARM.Collect$$rtentry$$00000009)
    .ARM.Collect$$rtentry$$0000000A          0x080001b2   Section        4  __rtentry2.o(.ARM.Collect$$rtentry$$0000000A)
    .ARM.Collect$$rtentry$$0000000C          0x080001b6   Section        0  __rtentry2.o(.ARM.Collect$$rtentry$$0000000C)
    .ARM.Collect$$rtentry$$0000000D          0x080001b6   Section        8  __rtentry2.o(.ARM.Collect$$rtentry$$0000000D)
    .ARM.Collect$$rtexit$$00000000           0x080001be   Section        2  rtexit.o(.ARM.Collect$$rtexit$$00000000)
    .ARM.Collect$$rtexit$$00000002           0x080001c0   Section        0  rtexit2.o(.ARM.Collect$$rtexit$$00000002)
    .ARM.Collect$$rtexit$$00000003           0x080001c0   Section        4  rtexit2.o(.ARM.Collect$$rtexit$$00000003)
    .ARM.Collect$$rtexit$$00000004           0x080001c4   Section        6  rtexit2.o(.ARM.Collect$$rtexit$$00000004)
    .text                                    0x080001cc   Section       64  startup_stm32f10x_hd.o(.text)
    .text                                    0x0800020c   Section       78  rt_memclr_w.o(.text)
    .text                                    0x0800025a   Section        0  heapauxi.o(.text)
    .text                                    0x08000260   Section       74  sys_stackheap_outer.o(.text)
    .text                                    0x080002aa   Section        0  exit.o(.text)
    .text                                    0x080002bc   Section        8  libspace.o(.text)
    .text                                    0x080002c4   Section        0  sys_exit.o(.text)
    .text                                    0x080002d0   Section        2  use_no_semi.o(.text)
    .text                                    0x080002d2   Section        0  indicate_semi.o(.text)
    i.ADC1_2_IRQHandler                      0x080002d4   Section        0  main.o(i.ADC1_2_IRQHandler)
    i.ADC_ClearITPendingBit                  0x08000304   Section        0  stm32f10x_adc.o(i.ADC_ClearITPendingBit)
    i.ADC_Cmd                                0x0800030e   Section        0  stm32f10x_adc.o(i.ADC_Cmd)
    i.ADC_EN                                 0x08000324   Section        0  bsp_ad_light.o(i.ADC_EN)
    i.ADC_GetCalibrationStatus               0x08000334   Section        0  stm32f10x_adc.o(i.ADC_GetCalibrationStatus)
    i.ADC_GetConversionValue                 0x08000348   Section        0  stm32f10x_adc.o(i.ADC_GetConversionValue)
    i.ADC_GetITStatus                        0x08000350   Section        0  stm32f10x_adc.o(i.ADC_GetITStatus)
    i.ADC_GetResetCalibrationStatus          0x08000374   Section        0  stm32f10x_adc.o(i.ADC_GetResetCalibrationStatus)
    i.ADC_ITConfig                           0x08000388   Section        0  stm32f10x_adc.o(i.ADC_ITConfig)
    i.ADC_Init                               0x080003a0   Section        0  stm32f10x_adc.o(i.ADC_Init)
    i.ADC_RegularChannelConfig               0x080003f0   Section        0  stm32f10x_adc.o(i.ADC_RegularChannelConfig)
    i.ADC_ResetCalibration                   0x080004a8   Section        0  stm32f10x_adc.o(i.ADC_ResetCalibration)
    i.ADC_SoftwareStartConvCmd               0x080004b2   Section        0  stm32f10x_adc.o(i.ADC_SoftwareStartConvCmd)
    i.ADC_StartCalibration                   0x080004c8   Section        0  stm32f10x_adc.o(i.ADC_StartCalibration)
    i.BKP_DeInit                             0x080004d2   Section        0  stm32f10x_bkp.o(i.BKP_DeInit)
    i.BKP_ReadBackupRegister                 0x080004e4   Section        0  stm32f10x_bkp.o(i.BKP_ReadBackupRegister)
    i.BKP_WriteBackupRegister                0x08000500   Section        0  stm32f10x_bkp.o(i.BKP_WriteBackupRegister)
    i.BusFault_Handler                       0x0800051c   Section        0  stm32f10x_it.o(i.BusFault_Handler)
    i.DebugMon_Handler                       0x08000520   Section        0  stm32f10x_it.o(i.DebugMon_Handler)
    i.EXTI0_IRQHandler                       0x08000522   Section        0  stm32f10x_it.o(i.EXTI0_IRQHandler)
    i.EXTI15_10_IRQHandler                   0x08000524   Section        0  stm32f10x_it.o(i.EXTI15_10_IRQHandler)
    i.GPIO_Init                              0x08000526   Section        0  stm32f10x_gpio.o(i.GPIO_Init)
    i.GPIO_PinRemapConfig                    0x0800063c   Section        0  stm32f10x_gpio.o(i.GPIO_PinRemapConfig)
    i.GPIO_ReadInputDataBit                  0x080006cc   Section        0  stm32f10x_gpio.o(i.GPIO_ReadInputDataBit)
    i.GPIO_ResetBits                         0x080006de   Section        0  stm32f10x_gpio.o(i.GPIO_ResetBits)
    i.GPIO_SetBits                           0x080006e2   Section        0  stm32f10x_gpio.o(i.GPIO_SetBits)
    i.GRAM_0                                 0x080006e8   Section        0  bsp_oled.o(i.GRAM_0)
    i.HS_GPIO_Config                         0x0800070c   Section        0  hs_ceju.o(i.HS_GPIO_Config)
    HS_GPIO_Config                           0x0800070d   Thumb Code    70  hs_ceju.o(i.HS_GPIO_Config)
    i.HS_Init                                0x0800075c   Section        0  hs_ceju.o(i.HS_Init)
    i.HS_read                                0x08000768   Section        0  hs_ceju.o(i.HS_read)
    i.HardFault_Handler                      0x080007c4   Section        0  stm32f10x_it.o(i.HardFault_Handler)
    i.I2C_CheckEvent                         0x080007c8   Section        0  stm32f10x_i2c.o(i.I2C_CheckEvent)
    i.I2C_Cmd                                0x080007f2   Section        0  stm32f10x_i2c.o(i.I2C_Cmd)
    i.I2C_GenerateSTART                      0x0800080a   Section        0  stm32f10x_i2c.o(i.I2C_GenerateSTART)
    i.I2C_GenerateSTOP                       0x08000822   Section        0  stm32f10x_i2c.o(i.I2C_GenerateSTOP)
    i.I2C_Init                               0x0800083c   Section        0  stm32f10x_i2c.o(i.I2C_Init)
    i.I2C_Send7bitAddress                    0x08000928   Section        0  stm32f10x_i2c.o(i.I2C_Send7bitAddress)
    i.I2C_SendData                           0x0800093a   Section        0  stm32f10x_i2c.o(i.I2C_SendData)
    i.I2c_Write_byte                         0x08000940   Section        0  bsp_oled.o(i.I2c_Write_byte)
    i.MemManage_Handler                      0x080009bc   Section        0  stm32f10x_it.o(i.MemManage_Handler)
    i.NMI_Handler                            0x080009c0   Section        0  stm32f10x_it.o(i.NMI_Handler)
    i.NVIC_Configuration                     0x080009c2   Section        0  bsp_rtc.o(i.NVIC_Configuration)
    i.NVIC_Init                              0x080009e4   Section        0  misc.o(i.NVIC_Init)
    i.OLED_EN                                0x08000a54   Section        0  bsp_oled.o(i.OLED_EN)
    i.OLED_SetCursor                         0x08000a68   Section        0  bsp_oled.o(i.OLED_SetCursor)
    i.PWM_Config                             0x08000aa8   Section        0  bsp_pwm.o(i.PWM_Config)
    i.PWM_EN                                 0x08000abc   Section        0  bsp_pwm.o(i.PWM_EN)
    i.PWM_Gpio_Init                          0x08000ad0   Section        0  bsp_pwm.o(i.PWM_Gpio_Init)
    i.PWR_BackupAccessCmd                    0x08000b08   Section        0  stm32f10x_pwr.o(i.PWR_BackupAccessCmd)
    i.PendSV_Handler                         0x08000b14   Section        0  stm32f10x_it.o(i.PendSV_Handler)
    i.RCC_ADCCLKConfig                       0x08000b18   Section        0  stm32f10x_rcc.o(i.RCC_ADCCLKConfig)
    i.RCC_APB1PeriphClockCmd                 0x08000b30   Section        0  stm32f10x_rcc.o(i.RCC_APB1PeriphClockCmd)
    i.RCC_APB2PeriphClockCmd                 0x08000b50   Section        0  stm32f10x_rcc.o(i.RCC_APB2PeriphClockCmd)
    i.RCC_BackupResetCmd                     0x08000b70   Section        0  stm32f10x_rcc.o(i.RCC_BackupResetCmd)
    i.RCC_ClearFlag                          0x08000b7c   Section        0  stm32f10x_rcc.o(i.RCC_ClearFlag)
    i.RCC_GetClocksFreq                      0x08000b90   Section        0  stm32f10x_rcc.o(i.RCC_GetClocksFreq)
    i.RCC_GetFlagStatus                      0x08000c64   Section        0  stm32f10x_rcc.o(i.RCC_GetFlagStatus)
    i.RCC_LSEConfig                          0x08000ca0   Section        0  stm32f10x_rcc.o(i.RCC_LSEConfig)
    i.RCC_RTCCLKCmd                          0x08000cd4   Section        0  stm32f10x_rcc.o(i.RCC_RTCCLKCmd)
    i.RCC_RTCCLKConfig                       0x08000ce0   Section        0  stm32f10x_rcc.o(i.RCC_RTCCLKConfig)
    i.RTC_CheckAndConfig                     0x08000cf0   Section        0  bsp_rtc.o(i.RTC_CheckAndConfig)
    i.RTC_ClearITPendingBit                  0x08000d4c   Section        0  stm32f10x_rtc.o(i.RTC_ClearITPendingBit)
    i.RTC_Configuration                      0x08000d5c   Section        0  bsp_rtc.o(i.RTC_Configuration)
    RTC_Configuration                        0x08000d5d   Thumb Code    88  bsp_rtc.o(i.RTC_Configuration)
    i.RTC_EnterConfigMode                    0x08000db4   Section        0  stm32f10x_rtc.o(i.RTC_EnterConfigMode)
    i.RTC_ExitConfigMode                     0x08000dc8   Section        0  stm32f10x_rtc.o(i.RTC_ExitConfigMode)
    i.RTC_GetCounter                         0x08000ddc   Section        0  stm32f10x_rtc.o(i.RTC_GetCounter)
    i.RTC_GetFlagStatus                      0x08000df0   Section        0  stm32f10x_rtc.o(i.RTC_GetFlagStatus)
    i.RTC_IRQHandler                         0x08000e08   Section        0  main.o(i.RTC_IRQHandler)
    i.RTC_ITConfig                           0x08000e34   Section        0  stm32f10x_rtc.o(i.RTC_ITConfig)
    i.RTC_SetCounter                         0x08000e54   Section        0  stm32f10x_rtc.o(i.RTC_SetCounter)
    i.RTC_SetPrescaler                       0x08000e70   Section        0  stm32f10x_rtc.o(i.RTC_SetPrescaler)
    i.RTC_WaitForLastTask                    0x08000e90   Section        0  stm32f10x_rtc.o(i.RTC_WaitForLastTask)
    i.RTC_WaitForSynchro                     0x08000ea4   Section        0  stm32f10x_rtc.o(i.RTC_WaitForSynchro)
    i.SVC_Handler                            0x08000ec8   Section        0  stm32f10x_it.o(i.SVC_Handler)
    i.SetSysClock                            0x08000eca   Section        0  system_stm32f10x.o(i.SetSysClock)
    SetSysClock                              0x08000ecb   Thumb Code     8  system_stm32f10x.o(i.SetSysClock)
    i.SetSysClockTo72                        0x08000ed4   Section        0  system_stm32f10x.o(i.SetSysClockTo72)
    SetSysClockTo72                          0x08000ed5   Thumb Code   214  system_stm32f10x.o(i.SetSysClockTo72)
    i.SysTick_Handler                        0x08000fb4   Section        0  stm32f10x_it.o(i.SysTick_Handler)
    i.SystemInit                             0x08000fb8   Section        0  system_stm32f10x.o(i.SystemInit)
    i.TI1_Config                             0x08001018   Section        0  stm32f10x_tim.o(i.TI1_Config)
    TI1_Config                               0x08001019   Thumb Code   108  stm32f10x_tim.o(i.TI1_Config)
    i.TI2_Config                             0x08001098   Section        0  stm32f10x_tim.o(i.TI2_Config)
    TI2_Config                               0x08001099   Thumb Code   130  stm32f10x_tim.o(i.TI2_Config)
    i.TI3_Config                             0x08001130   Section        0  stm32f10x_tim.o(i.TI3_Config)
    TI3_Config                               0x08001131   Thumb Code   122  stm32f10x_tim.o(i.TI3_Config)
    i.TI4_Config                             0x080011c0   Section        0  stm32f10x_tim.o(i.TI4_Config)
    TI4_Config                               0x080011c1   Thumb Code   130  stm32f10x_tim.o(i.TI4_Config)
    i.TIM2_Config                            0x08001258   Section        0  hs_ceju.o(i.TIM2_Config)
    TIM2_Config                              0x08001259   Thumb Code   134  hs_ceju.o(i.TIM2_Config)
    i.TIM2_IRQHandler                        0x080012e0   Section        0  main.o(i.TIM2_IRQHandler)
    i.TIM_ARRPreloadConfig                   0x0800139c   Section        0  stm32f10x_tim.o(i.TIM_ARRPreloadConfig)
    i.TIM_ClearITPendingBit                  0x080013b4   Section        0  stm32f10x_tim.o(i.TIM_ClearITPendingBit)
    i.TIM_Cmd                                0x080013ba   Section        0  stm32f10x_tim.o(i.TIM_Cmd)
    i.TIM_GetCapture4                        0x080013d2   Section        0  stm32f10x_tim.o(i.TIM_GetCapture4)
    i.TIM_GetITStatus                        0x080013da   Section        0  stm32f10x_tim.o(i.TIM_GetITStatus)
    i.TIM_ICInit                             0x080013fc   Section        0  stm32f10x_tim.o(i.TIM_ICInit)
    i.TIM_ITConfig                           0x080014a8   Section        0  stm32f10x_tim.o(i.TIM_ITConfig)
    i.TIM_OC3Init                            0x080014bc   Section        0  stm32f10x_tim.o(i.TIM_OC3Init)
    i.TIM_OC3PreloadConfig                   0x0800155c   Section        0  stm32f10x_tim.o(i.TIM_OC3PreloadConfig)
    i.TIM_SetCompare3                        0x0800156e   Section        0  stm32f10x_tim.o(i.TIM_SetCompare3)
    i.TIM_SetIC1Prescaler                    0x08001572   Section        0  stm32f10x_tim.o(i.TIM_SetIC1Prescaler)
    i.TIM_SetIC2Prescaler                    0x08001584   Section        0  stm32f10x_tim.o(i.TIM_SetIC2Prescaler)
    i.TIM_SetIC3Prescaler                    0x0800159e   Section        0  stm32f10x_tim.o(i.TIM_SetIC3Prescaler)
    i.TIM_SetIC4Prescaler                    0x080015b0   Section        0  stm32f10x_tim.o(i.TIM_SetIC4Prescaler)
    i.TIM_TimeBaseInit                       0x080015cc   Section        0  stm32f10x_tim.o(i.TIM_TimeBaseInit)
    i.Tim3_Int_Init                          0x08001670   Section        0  bsp_pwm.o(i.Tim3_Int_Init)
    i.Time_Adjust                            0x080016d8   Section        0  bsp_rtc.o(i.Time_Adjust)
    Time_Adjust                              0x080016d9   Thumb Code    34  bsp_rtc.o(i.Time_Adjust)
    i.Time_Display                           0x080016fc   Section        0  bsp_rtc.o(i.Time_Display)
    i.USART1_IRQHandler                      0x08001834   Section        0  main.o(i.USART1_IRQHandler)
    i.USART_Cmd                              0x08001858   Section        0  stm32f10x_usart.o(i.USART_Cmd)
    i.USART_GetFlagStatus                    0x08001870   Section        0  stm32f10x_usart.o(i.USART_GetFlagStatus)
    i.USART_GetITStatus                      0x0800188a   Section        0  stm32f10x_usart.o(i.USART_GetITStatus)
    i.USART_ITConfig                         0x080018de   Section        0  stm32f10x_usart.o(i.USART_ITConfig)
    i.USART_Init                             0x08001928   Section        0  stm32f10x_usart.o(i.USART_Init)
    i.USART_ReceiveData                      0x08001a00   Section        0  stm32f10x_usart.o(i.USART_ReceiveData)
    i.USART_SendData                         0x08001a0a   Section        0  stm32f10x_usart.o(i.USART_SendData)
    i.UsageFault_Handler                     0x08001a12   Section        0  stm32f10x_it.o(i.UsageFault_Handler)
    i.Usart1Init                             0x08001a18   Section        0  bsp_debug.o(i.Usart1Init)
    i.Usart_SendByte                         0x08001ac4   Section        0  bsp_debug.o(i.Usart_SendByte)
    i.Usart_SendString                       0x08001ae2   Section        0  bsp_debug.o(i.Usart_SendString)
    i.adc_Gpio_Init                          0x08001b0c   Section        0  bsp_ad_light.o(i.adc_Gpio_Init)
    adc_Gpio_Init                            0x08001b0d   Thumb Code    32  bsp_ad_light.o(i.adc_Gpio_Init)
    i.adc_Mode_Init                          0x08001b30   Section        0  bsp_ad_light.o(i.adc_Mode_Init)
    adc_Mode_Init                            0x08001b31   Thumb Code   138  bsp_ad_light.o(i.adc_Mode_Init)
    i.adc_Nvic_Config                        0x08001bc0   Section        0  bsp_ad_light.o(i.adc_Nvic_Config)
    adc_Nvic_Config                          0x08001bc1   Thumb Code    30  bsp_ad_light.o(i.adc_Nvic_Config)
    i.days_in_month                          0x08001bde   Section        0  bsp_rtc.o(i.days_in_month)
    i.days_since_epoch                       0x08001c10   Section        0  bsp_rtc.o(i.days_since_epoch)
    i.delay                                  0x08001c58   Section        0  bsp_rtc.o(i.delay)
    i.delay_ms                               0x08001c6e   Section        0  main.o(i.delay_ms)
    i.delay_s                                0x08001c86   Section        0  main.o(i.delay_s)
    i.delay_us                               0x08001ca0   Section        0  main.o(i.delay_us)
    i.is_leap_year                           0x08001d30   Section        0  bsp_rtc.o(i.is_leap_year)
    i.light_GPIO_Init                        0x08001d64   Section        0  light_config.o(i.light_GPIO_Init)
    i.light_config                           0x08001dc4   Section        0  light_config.o(i.light_config)
    i.light_config_huyan                     0x08001df4   Section        0  light_config.o(i.light_config_huyan)
    i.light_config_zhaoming                  0x08001e2c   Section        0  light_config.o(i.light_config_zhaoming)
    i.light_down                             0x08001e68   Section        0  light_config.o(i.light_down)
    i.light_off                              0x08001e90   Section        0  light_config.o(i.light_off)
    i.light_up                               0x08001ec0   Section        0  light_config.o(i.light_up)
    i.main                                   0x08001eec   Section        0  main.o(i.main)
    i.mktimev                                0x08002240   Section        0  bsp_rtc.o(i.mktimev)
    mktimev                                  0x08002241   Thumb Code    50  bsp_rtc.o(i.mktimev)
    i.num_pow                                0x08002278   Section        0  bsp_oled.o(i.num_pow)
    num_pow                                  0x08002279   Thumb Code    26  bsp_oled.o(i.num_pow)
    i.oled_Delayms                           0x08002292   Section        0  bsp_oled.o(i.oled_Delayms)
    oled_Delayms                             0x08002293   Thumb Code    26  bsp_oled.o(i.oled_Delayms)
    i.oled_I2c_Gpio_Init                     0x080022ac   Section        0  bsp_oled.o(i.oled_I2c_Gpio_Init)
    oled_I2c_Gpio_Init                       0x080022ad   Thumb Code    46  bsp_oled.o(i.oled_I2c_Gpio_Init)
    i.oled_I2c_Init                          0x080022e0   Section        0  bsp_oled.o(i.oled_I2c_Init)
    oled_I2c_Init                            0x080022e1   Thumb Code    58  bsp_oled.o(i.oled_I2c_Init)
    i.oled_Init                              0x08002324   Section        0  bsp_oled.o(i.oled_Init)
    oled_Init                                0x08002325   Thumb Code   222  bsp_oled.o(i.oled_Init)
    i.oled_Write_Char                        0x08002404   Section        0  bsp_oled.o(i.oled_Write_Char)
    i.oled_Write_Num                         0x08002448   Section        0  bsp_oled.o(i.oled_Write_Num)
    i.oled_Write_String                      0x080024c4   Section        0  bsp_oled.o(i.oled_Write_String)
    i.oled_clean                             0x080024e4   Section        0  bsp_oled.o(i.oled_clean)
    i.refresh                                0x0800252c   Section        0  bsp_oled.o(i.refresh)
    i.to_tm                                  0x08002564   Section        0  bsp_rtc.o(i.to_tm)
    to_tm                                    0x08002565   Thumb Code   152  bsp_rtc.o(i.to_tm)
    x$fpl$dadd                               0x080025fc   Section      336  daddsub_clz.o(x$fpl$dadd)
    _dadd1                                   0x0800260d   Thumb Code     0  daddsub_clz.o(x$fpl$dadd)
    x$fpl$dfix                               0x0800274c   Section       94  dfix.o(x$fpl$dfix)
    x$fpl$dfltu                              0x080027aa   Section       38  dflt_clz.o(x$fpl$dfltu)
    x$fpl$dmul                               0x080027d0   Section      340  dmul.o(x$fpl$dmul)
    x$fpl$dnaninf                            0x08002924   Section      156  dnaninf.o(x$fpl$dnaninf)
    x$fpl$dretinf                            0x080029c0   Section       12  dretinf.o(x$fpl$dretinf)
    x$fpl$drsb                               0x080029cc   Section       22  daddsub_clz.o(x$fpl$drsb)
    x$fpl$dsub                               0x080029e4   Section      468  daddsub_clz.o(x$fpl$dsub)
    _dsub1                                   0x080029f5   Thumb Code     0  daddsub_clz.o(x$fpl$dsub)
    .constdata                               0x08002bb8   Section      570  bsp_oled_data.o(.constdata)
    x$fpl$usenofp                            0x08002bb8   Section        0  usenofp.o(x$fpl$usenofp)
    .data                                    0x20000000   Section       20  system_stm32f10x.o(.data)
    .data                                    0x20000014   Section       20  stm32f10x_rcc.o(.data)
    APBAHBPrescTable                         0x20000014   Data          16  stm32f10x_rcc.o(.data)
    ADCPrescTable                            0x20000024   Data           4  stm32f10x_rcc.o(.data)
    .data                                    0x20000028   Section       64  main.o(.data)
    ucTemp                                   0x20000038   Data           2  main.o(.data)
    .bss                                     0x20000068   Section      512  bsp_oled.o(.bss)
    .bss                                     0x20000268   Section       96  libspace.o(.bss)
    HEAP                                     0x200002c8   Section      512  startup_stm32f10x_hd.o(HEAP)
    Heap_Mem                                 0x200002c8   Data         512  startup_stm32f10x_hd.o(HEAP)
    STACK                                    0x200004c8   Section     1024  startup_stm32f10x_hd.o(STACK)
    Stack_Mem                                0x200004c8   Data        1024  startup_stm32f10x_hd.o(STACK)
    __initial_sp                             0x200008c8   Data           0  startup_stm32f10x_hd.o(STACK)

    Global Symbols

    Symbol Name                              Value     Ov Type        Size  Object(Section)

    BuildAttributes$$THM_ISAv4$P$D$K$B$S$PE$A:L22UL41UL21$X:L11$S22US41US21$IEEE1$IW$USESV6$~STKCKD$USESV7$~SHL$OSPACE$ROPI$EBA8$UX$STANDARDLIB$REQ8$PRES8$EABIv2 0x00000000   Number         0  anon$$obj.o ABSOLUTE
    __ARM_use_no_argv                        0x00000000   Number         0  main.o ABSOLUTE
    __ARM_exceptions_init                     - Undefined Weak Reference
    __alloca_initialize                       - Undefined Weak Reference
    __arm_fini_                               - Undefined Weak Reference
    __arm_preinit_                            - Undefined Weak Reference
    __cpp_initialize__aeabi_                  - Undefined Weak Reference
    __cxa_finalize                            - Undefined Weak Reference
    __rt_locale                               - Undefined Weak Reference
    __sigvec_lookup                           - Undefined Weak Reference
    _atexit_init                              - Undefined Weak Reference
    _call_atexit_fns                          - Undefined Weak Reference
    _clock_init                               - Undefined Weak Reference
    _fp_trap_init                             - Undefined Weak Reference
    _fp_trap_shutdown                         - Undefined Weak Reference
    _get_lc_collate                           - Undefined Weak Reference
    _get_lc_ctype                             - Undefined Weak Reference
    _get_lc_monetary                          - Undefined Weak Reference
    _get_lc_numeric                           - Undefined Weak Reference
    _get_lc_time                              - Undefined Weak Reference
    _getenv_init                              - Undefined Weak Reference
    _handle_redirection                       - Undefined Weak Reference
    _init_alloc                               - Undefined Weak Reference
    _init_user_alloc                          - Undefined Weak Reference
    _initio                                   - Undefined Weak Reference
    _rand_init                                - Undefined Weak Reference
    _signal_finish                            - Undefined Weak Reference
    _signal_init                              - Undefined Weak Reference
    _terminate_alloc                          - Undefined Weak Reference
    _terminate_user_alloc                     - Undefined Weak Reference
    _terminateio                              - Undefined Weak Reference
    __Vectors_Size                           0x00000130   Number         0  startup_stm32f10x_hd.o ABSOLUTE
    __Vectors                                0x08000000   Data           4  startup_stm32f10x_hd.o(RESET)
    __Vectors_End                            0x08000130   Data           0  startup_stm32f10x_hd.o(RESET)
    __main                                   0x08000131   Thumb Code     8  __main.o(!!!main)
    __scatterload                            0x08000139   Thumb Code     0  __scatter.o(!!!scatter)
    __scatterload_rt2                        0x08000139   Thumb Code    44  __scatter.o(!!!scatter)
    __scatterload_rt2_thumb_only             0x08000139   Thumb Code     0  __scatter.o(!!!scatter)
    __scatterload_null                       0x08000147   Thumb Code     0  __scatter.o(!!!scatter)
    __scatterload_copy                       0x0800016d   Thumb Code    26  __scatter_copy.o(!!handler_copy)
    __scatterload_zeroinit                   0x08000189   Thumb Code    28  __scatter_zi.o(!!handler_zi)
    __rt_lib_init                            0x080001a5   Thumb Code     0  libinit.o(.ARM.Collect$$libinit$$00000000)
    __rt_lib_init_alloca_1                   0x080001a7   Thumb Code     0  libinit2.o(.ARM.Collect$$libinit$$0000002E)
    __rt_lib_init_argv_1                     0x080001a7   Thumb Code     0  libinit2.o(.ARM.Collect$$libinit$$0000002C)
    __rt_lib_init_atexit_1                   0x080001a7   Thumb Code     0  libinit2.o(.ARM.Collect$$libinit$$0000001B)
    __rt_lib_init_clock_1                    0x080001a7   Thumb Code     0  libinit2.o(.ARM.Collect$$libinit$$00000021)
    __rt_lib_init_cpp_1                      0x080001a7   Thumb Code     0  libinit2.o(.ARM.Collect$$libinit$$00000032)
    __rt_lib_init_exceptions_1               0x080001a7   Thumb Code     0  libinit2.o(.ARM.Collect$$libinit$$00000030)
    __rt_lib_init_fp_1                       0x080001a7   Thumb Code     0  libinit2.o(.ARM.Collect$$libinit$$00000002)
    __rt_lib_init_fp_trap_1                  0x080001a7   Thumb Code     0  libinit2.o(.ARM.Collect$$libinit$$0000001F)
    __rt_lib_init_getenv_1                   0x080001a7   Thumb Code     0  libinit2.o(.ARM.Collect$$libinit$$00000023)
    __rt_lib_init_heap_1                     0x080001a7   Thumb Code     0  libinit2.o(.ARM.Collect$$libinit$$0000000A)
    __rt_lib_init_lc_collate_1               0x080001a7   Thumb Code     0  libinit2.o(.ARM.Collect$$libinit$$00000011)
    __rt_lib_init_lc_ctype_1                 0x080001a7   Thumb Code     0  libinit2.o(.ARM.Collect$$libinit$$00000013)
    __rt_lib_init_lc_monetary_1              0x080001a7   Thumb Code     0  libinit2.o(.ARM.Collect$$libinit$$00000015)
    __rt_lib_init_lc_numeric_1               0x080001a7   Thumb Code     0  libinit2.o(.ARM.Collect$$libinit$$00000017)
    __rt_lib_init_lc_time_1                  0x080001a7   Thumb Code     0  libinit2.o(.ARM.Collect$$libinit$$00000019)
    __rt_lib_init_preinit_1                  0x080001a7   Thumb Code     0  libinit2.o(.ARM.Collect$$libinit$$00000004)
    __rt_lib_init_rand_1                     0x080001a7   Thumb Code     0  libinit2.o(.ARM.Collect$$libinit$$0000000E)
    __rt_lib_init_return                     0x080001a7   Thumb Code     0  libinit2.o(.ARM.Collect$$libinit$$00000033)
    __rt_lib_init_signal_1                   0x080001a7   Thumb Code     0  libinit2.o(.ARM.Collect$$libinit$$0000001D)
    __rt_lib_init_stdio_1                    0x080001a7   Thumb Code     0  libinit2.o(.ARM.Collect$$libinit$$00000025)
    __rt_lib_init_user_alloc_1               0x080001a7   Thumb Code     0  libinit2.o(.ARM.Collect$$libinit$$0000000C)
    __rt_lib_shutdown                        0x080001a9   Thumb Code     0  libshutdown.o(.ARM.Collect$$libshutdown$$00000000)
    __rt_lib_shutdown_cpp_1                  0x080001ab   Thumb Code     0  libshutdown2.o(.ARM.Collect$$libshutdown$$00000004)
    __rt_lib_shutdown_fini_1                 0x080001ab   Thumb Code     0  libshutdown2.o(.ARM.Collect$$libshutdown$$00000002)
    __rt_lib_shutdown_fp_trap_1              0x080001ab   Thumb Code     0  libshutdown2.o(.ARM.Collect$$libshutdown$$00000009)
    __rt_lib_shutdown_heap_1                 0x080001ab   Thumb Code     0  libshutdown2.o(.ARM.Collect$$libshutdown$$00000011)
    __rt_lib_shutdown_return                 0x080001ab   Thumb Code     0  libshutdown2.o(.ARM.Collect$$libshutdown$$00000012)
    __rt_lib_shutdown_signal_1               0x080001ab   Thumb Code     0  libshutdown2.o(.ARM.Collect$$libshutdown$$0000000C)
    __rt_lib_shutdown_stdio_1                0x080001ab   Thumb Code     0  libshutdown2.o(.ARM.Collect$$libshutdown$$00000006)
    __rt_lib_shutdown_user_alloc_1           0x080001ab   Thumb Code     0  libshutdown2.o(.ARM.Collect$$libshutdown$$0000000E)
    __rt_entry                               0x080001ad   Thumb Code     0  __rtentry.o(.ARM.Collect$$rtentry$$00000000)
    __rt_entry_presh_1                       0x080001ad   Thumb Code     0  __rtentry2.o(.ARM.Collect$$rtentry$$00000002)
    __rt_entry_sh                            0x080001ad   Thumb Code     0  __rtentry4.o(.ARM.Collect$$rtentry$$00000004)
    __rt_entry_li                            0x080001b3   Thumb Code     0  __rtentry2.o(.ARM.Collect$$rtentry$$0000000A)
    __rt_entry_postsh_1                      0x080001b3   Thumb Code     0  __rtentry2.o(.ARM.Collect$$rtentry$$00000009)
    __rt_entry_main                          0x080001b7   Thumb Code     0  __rtentry2.o(.ARM.Collect$$rtentry$$0000000D)
    __rt_entry_postli_1                      0x080001b7   Thumb Code     0  __rtentry2.o(.ARM.Collect$$rtentry$$0000000C)
    __rt_exit                                0x080001bf   Thumb Code     0  rtexit.o(.ARM.Collect$$rtexit$$00000000)
    __rt_exit_ls                             0x080001c1   Thumb Code     0  rtexit2.o(.ARM.Collect$$rtexit$$00000003)
    __rt_exit_prels_1                        0x080001c1   Thumb Code     0  rtexit2.o(.ARM.Collect$$rtexit$$00000002)
    __rt_exit_exit                           0x080001c5   Thumb Code     0  rtexit2.o(.ARM.Collect$$rtexit$$00000004)
    Reset_Handler                            0x080001cd   Thumb Code     8  startup_stm32f10x_hd.o(.text)
    ADC3_IRQHandler                          0x080001e7   Thumb Code     0  startup_stm32f10x_hd.o(.text)
    CAN1_RX1_IRQHandler                      0x080001e7   Thumb Code     0  startup_stm32f10x_hd.o(.text)
    CAN1_SCE_IRQHandler                      0x080001e7   Thumb Code     0  startup_stm32f10x_hd.o(.text)
    DMA1_Channel1_IRQHandler                 0x080001e7   Thumb Code     0  startup_stm32f10x_hd.o(.text)
    DMA1_Channel2_IRQHandler                 0x080001e7   Thumb Code     0  startup_stm32f10x_hd.o(.text)
    DMA1_Channel3_IRQHandler                 0x080001e7   Thumb Code     0  startup_stm32f10x_hd.o(.text)
    DMA1_Channel4_IRQHandler                 0x080001e7   Thumb Code     0  startup_stm32f10x_hd.o(.text)
    DMA1_Channel5_IRQHandler                 0x080001e7   Thumb Code     0  startup_stm32f10x_hd.o(.text)
    DMA1_Channel6_IRQHandler                 0x080001e7   Thumb Code     0  startup_stm32f10x_hd.o(.text)
    DMA1_Channel7_IRQHandler                 0x080001e7   Thumb Code     0  startup_stm32f10x_hd.o(.text)
    DMA2_Channel1_IRQHandler                 0x080001e7   Thumb Code     0  startup_stm32f10x_hd.o(.text)
    DMA2_Channel2_IRQHandler                 0x080001e7   Thumb Code     0  startup_stm32f10x_hd.o(.text)
    DMA2_Channel3_IRQHandler                 0x080001e7   Thumb Code     0  startup_stm32f10x_hd.o(.text)
    DMA2_Channel4_5_IRQHandler               0x080001e7   Thumb Code     0  startup_stm32f10x_hd.o(.text)
    EXTI1_IRQHandler                         0x080001e7   Thumb Code     0  startup_stm32f10x_hd.o(.text)
    EXTI2_IRQHandler                         0x080001e7   Thumb Code     0  startup_stm32f10x_hd.o(.text)
    EXTI3_IRQHandler                         0x080001e7   Thumb Code     0  startup_stm32f10x_hd.o(.text)
    EXTI4_IRQHandler                         0x080001e7   Thumb Code     0  startup_stm32f10x_hd.o(.text)
    EXTI9_5_IRQHandler                       0x080001e7   Thumb Code     0  startup_stm32f10x_hd.o(.text)
    FLASH_IRQHandler                         0x080001e7   Thumb Code     0  startup_stm32f10x_hd.o(.text)
    FSMC_IRQHandler                          0x080001e7   Thumb Code     0  startup_stm32f10x_hd.o(.text)
    I2C1_ER_IRQHandler                       0x080001e7   Thumb Code     0  startup_stm32f10x_hd.o(.text)
    I2C1_EV_IRQHandler                       0x080001e7   Thumb Code     0  startup_stm32f10x_hd.o(.text)
    I2C2_ER_IRQHandler                       0x080001e7   Thumb Code     0  startup_stm32f10x_hd.o(.text)
    I2C2_EV_IRQHandler                       0x080001e7   Thumb Code     0  startup_stm32f10x_hd.o(.text)
    PVD_IRQHandler                           0x080001e7   Thumb Code     0  startup_stm32f10x_hd.o(.text)
    RCC_IRQHandler                           0x080001e7   Thumb Code     0  startup_stm32f10x_hd.o(.text)
    RTCAlarm_IRQHandler                      0x080001e7   Thumb Code     0  startup_stm32f10x_hd.o(.text)
    SDIO_IRQHandler                          0x080001e7   Thumb Code     0  startup_stm32f10x_hd.o(.text)
    SPI1_IRQHandler                          0x080001e7   Thumb Code     0  startup_stm32f10x_hd.o(.text)
    SPI2_IRQHandler                          0x080001e7   Thumb Code     0  startup_stm32f10x_hd.o(.text)
    SPI3_IRQHandler                          0x080001e7   Thumb Code     0  startup_stm32f10x_hd.o(.text)
    TAMPER_IRQHandler                        0x080001e7   Thumb Code     0  startup_stm32f10x_hd.o(.text)
    TIM1_BRK_IRQHandler                      0x080001e7   Thumb Code     0  startup_stm32f10x_hd.o(.text)
    TIM1_CC_IRQHandler                       0x080001e7   Thumb Code     0  startup_stm32f10x_hd.o(.text)
    TIM1_TRG_COM_IRQHandler                  0x080001e7   Thumb Code     0  startup_stm32f10x_hd.o(.text)
    TIM1_UP_IRQHandler                       0x080001e7   Thumb Code     0  startup_stm32f10x_hd.o(.text)
    TIM3_IRQHandler                          0x080001e7   Thumb Code     0  startup_stm32f10x_hd.o(.text)
    TIM4_IRQHandler                          0x080001e7   Thumb Code     0  startup_stm32f10x_hd.o(.text)
    TIM5_IRQHandler                          0x080001e7   Thumb Code     0  startup_stm32f10x_hd.o(.text)
    TIM6_IRQHandler                          0x080001e7   Thumb Code     0  startup_stm32f10x_hd.o(.text)
    TIM7_IRQHandler                          0x080001e7   Thumb Code     0  startup_stm32f10x_hd.o(.text)
    TIM8_BRK_IRQHandler                      0x080001e7   Thumb Code     0  startup_stm32f10x_hd.o(.text)
    TIM8_CC_IRQHandler                       0x080001e7   Thumb Code     0  startup_stm32f10x_hd.o(.text)
    TIM8_TRG_COM_IRQHandler                  0x080001e7   Thumb Code     0  startup_stm32f10x_hd.o(.text)
    TIM8_UP_IRQHandler                       0x080001e7   Thumb Code     0  startup_stm32f10x_hd.o(.text)
    UART4_IRQHandler                         0x080001e7   Thumb Code     0  startup_stm32f10x_hd.o(.text)
    UART5_IRQHandler                         0x080001e7   Thumb Code     0  startup_stm32f10x_hd.o(.text)
    USART2_IRQHandler                        0x080001e7   Thumb Code     0  startup_stm32f10x_hd.o(.text)
    USART3_IRQHandler                        0x080001e7   Thumb Code     0  startup_stm32f10x_hd.o(.text)
    USBWakeUp_IRQHandler                     0x080001e7   Thumb Code     0  startup_stm32f10x_hd.o(.text)
    USB_HP_CAN1_TX_IRQHandler                0x080001e7   Thumb Code     0  startup_stm32f10x_hd.o(.text)
    USB_LP_CAN1_RX0_IRQHandler               0x080001e7   Thumb Code     0  startup_stm32f10x_hd.o(.text)
    WWDG_IRQHandler                          0x080001e7   Thumb Code     0  startup_stm32f10x_hd.o(.text)
    __user_initial_stackheap                 0x080001e9   Thumb Code     0  startup_stm32f10x_hd.o(.text)
    __aeabi_memclr4                          0x0800020d   Thumb Code     0  rt_memclr_w.o(.text)
    __aeabi_memclr8                          0x0800020d   Thumb Code     0  rt_memclr_w.o(.text)
    __rt_memclr_w                            0x0800020d   Thumb Code    78  rt_memclr_w.o(.text)
    _memset_w                                0x08000211   Thumb Code     0  rt_memclr_w.o(.text)
    __use_two_region_memory                  0x0800025b   Thumb Code     2  heapauxi.o(.text)
    __rt_heap_escrow$2region                 0x0800025d   Thumb Code     2  heapauxi.o(.text)
    __rt_heap_expand$2region                 0x0800025f   Thumb Code     2  heapauxi.o(.text)
    __user_setup_stackheap                   0x08000261   Thumb Code    74  sys_stackheap_outer.o(.text)
    exit                                     0x080002ab   Thumb Code    18  exit.o(.text)
    __user_libspace                          0x080002bd   Thumb Code     8  libspace.o(.text)
    __user_perproc_libspace                  0x080002bd   Thumb Code     0  libspace.o(.text)
    __user_perthread_libspace                0x080002bd   Thumb Code     0  libspace.o(.text)
    _sys_exit                                0x080002c5   Thumb Code     8  sys_exit.o(.text)
    __I$use$semihosting                      0x080002d1   Thumb Code     0  use_no_semi.o(.text)
    __use_no_semihosting_swi                 0x080002d1   Thumb Code     2  use_no_semi.o(.text)
    __semihosting_library_function           0x080002d3   Thumb Code     0  indicate_semi.o(.text)
    ADC1_2_IRQHandler                        0x080002d5   Thumb Code    38  main.o(i.ADC1_2_IRQHandler)
    ADC_ClearITPendingBit                    0x08000305   Thumb Code    10  stm32f10x_adc.o(i.ADC_ClearITPendingBit)
    ADC_Cmd                                  0x0800030f   Thumb Code    22  stm32f10x_adc.o(i.ADC_Cmd)
    ADC_EN                                   0x08000325   Thumb Code    16  bsp_ad_light.o(i.ADC_EN)
    ADC_GetCalibrationStatus                 0x08000335   Thumb Code    20  stm32f10x_adc.o(i.ADC_GetCalibrationStatus)
    ADC_GetConversionValue                   0x08000349   Thumb Code     8  stm32f10x_adc.o(i.ADC_GetConversionValue)
    ADC_GetITStatus                          0x08000351   Thumb Code    36  stm32f10x_adc.o(i.ADC_GetITStatus)
    ADC_GetResetCalibrationStatus            0x08000375   Thumb Code    20  stm32f10x_adc.o(i.ADC_GetResetCalibrationStatus)
    ADC_ITConfig                             0x08000389   Thumb Code    24  stm32f10x_adc.o(i.ADC_ITConfig)
    ADC_Init                                 0x080003a1   Thumb Code    70  stm32f10x_adc.o(i.ADC_Init)
    ADC_RegularChannelConfig                 0x080003f1   Thumb Code   184  stm32f10x_adc.o(i.ADC_RegularChannelConfig)
    ADC_ResetCalibration                     0x080004a9   Thumb Code    10  stm32f10x_adc.o(i.ADC_ResetCalibration)
    ADC_SoftwareStartConvCmd                 0x080004b3   Thumb Code    22  stm32f10x_adc.o(i.ADC_SoftwareStartConvCmd)
    ADC_StartCalibration                     0x080004c9   Thumb Code    10  stm32f10x_adc.o(i.ADC_StartCalibration)
    BKP_DeInit                               0x080004d3   Thumb Code    16  stm32f10x_bkp.o(i.BKP_DeInit)
    BKP_ReadBackupRegister                   0x080004e5   Thumb Code    24  stm32f10x_bkp.o(i.BKP_ReadBackupRegister)
    BKP_WriteBackupRegister                  0x08000501   Thumb Code    22  stm32f10x_bkp.o(i.BKP_WriteBackupRegister)
    BusFault_Handler                         0x0800051d   Thumb Code     4  stm32f10x_it.o(i.BusFault_Handler)
    DebugMon_Handler                         0x08000521   Thumb Code     2  stm32f10x_it.o(i.DebugMon_Handler)
    EXTI0_IRQHandler                         0x08000523   Thumb Code     2  stm32f10x_it.o(i.EXTI0_IRQHandler)
    EXTI15_10_IRQHandler                     0x08000525   Thumb Code     2  stm32f10x_it.o(i.EXTI15_10_IRQHandler)
    GPIO_Init                                0x08000527   Thumb Code   278  stm32f10x_gpio.o(i.GPIO_Init)
    GPIO_PinRemapConfig                      0x0800063d   Thumb Code   138  stm32f10x_gpio.o(i.GPIO_PinRemapConfig)
    GPIO_ReadInputDataBit                    0x080006cd   Thumb Code    18  stm32f10x_gpio.o(i.GPIO_ReadInputDataBit)
    GPIO_ResetBits                           0x080006df   Thumb Code     4  stm32f10x_gpio.o(i.GPIO_ResetBits)
    GPIO_SetBits                             0x080006e3   Thumb Code     4  stm32f10x_gpio.o(i.GPIO_SetBits)
    GRAM_0                                   0x080006e9   Thumb Code    32  bsp_oled.o(i.GRAM_0)
    HS_Init                                  0x0800075d   Thumb Code    12  hs_ceju.o(i.HS_Init)
    HS_read                                  0x08000769   Thumb Code    76  hs_ceju.o(i.HS_read)
    HardFault_Handler                        0x080007c5   Thumb Code     4  stm32f10x_it.o(i.HardFault_Handler)
    I2C_CheckEvent                           0x080007c9   Thumb Code    42  stm32f10x_i2c.o(i.I2C_CheckEvent)
    I2C_Cmd                                  0x080007f3   Thumb Code    24  stm32f10x_i2c.o(i.I2C_Cmd)
    I2C_GenerateSTART                        0x0800080b   Thumb Code    24  stm32f10x_i2c.o(i.I2C_GenerateSTART)
    I2C_GenerateSTOP                         0x08000823   Thumb Code    24  stm32f10x_i2c.o(i.I2C_GenerateSTOP)
    I2C_Init                                 0x0800083d   Thumb Code   222  stm32f10x_i2c.o(i.I2C_Init)
    I2C_Send7bitAddress                      0x08000929   Thumb Code    18  stm32f10x_i2c.o(i.I2C_Send7bitAddress)
    I2C_SendData                             0x0800093b   Thumb Code     4  stm32f10x_i2c.o(i.I2C_SendData)
    I2c_Write_byte                           0x08000941   Thumb Code   110  bsp_oled.o(i.I2c_Write_byte)
    MemManage_Handler                        0x080009bd   Thumb Code     4  stm32f10x_it.o(i.MemManage_Handler)
    NMI_Handler                              0x080009c1   Thumb Code     2  stm32f10x_it.o(i.NMI_Handler)
    NVIC_Configuration                       0x080009c3   Thumb Code    32  bsp_rtc.o(i.NVIC_Configuration)
    NVIC_Init                                0x080009e5   Thumb Code   100  misc.o(i.NVIC_Init)
    OLED_EN                                  0x08000a55   Thumb Code    20  bsp_oled.o(i.OLED_EN)
    OLED_SetCursor                           0x08000a69   Thumb Code    64  bsp_oled.o(i.OLED_SetCursor)
    PWM_Config                               0x08000aa9   Thumb Code    14  bsp_pwm.o(i.PWM_Config)
    PWM_EN                                   0x08000abd   Thumb Code    18  bsp_pwm.o(i.PWM_EN)
    PWM_Gpio_Init                            0x08000ad1   Thumb Code    46  bsp_pwm.o(i.PWM_Gpio_Init)
    PWR_BackupAccessCmd                      0x08000b09   Thumb Code     6  stm32f10x_pwr.o(i.PWR_BackupAccessCmd)
    PendSV_Handler                           0x08000b15   Thumb Code     2  stm32f10x_it.o(i.PendSV_Handler)
    RCC_ADCCLKConfig                         0x08000b19   Thumb Code    18  stm32f10x_rcc.o(i.RCC_ADCCLKConfig)
    RCC_APB1PeriphClockCmd                   0x08000b31   Thumb Code    26  stm32f10x_rcc.o(i.RCC_APB1PeriphClockCmd)
    RCC_APB2PeriphClockCmd                   0x08000b51   Thumb Code    26  stm32f10x_rcc.o(i.RCC_APB2PeriphClockCmd)
    RCC_BackupResetCmd                       0x08000b71   Thumb Code     6  stm32f10x_rcc.o(i.RCC_BackupResetCmd)
    RCC_ClearFlag                            0x08000b7d   Thumb Code    14  stm32f10x_rcc.o(i.RCC_ClearFlag)
    RCC_GetClocksFreq                        0x08000b91   Thumb Code   192  stm32f10x_rcc.o(i.RCC_GetClocksFreq)
    RCC_GetFlagStatus                        0x08000c65   Thumb Code    56  stm32f10x_rcc.o(i.RCC_GetFlagStatus)
    RCC_LSEConfig                            0x08000ca1   Thumb Code    46  stm32f10x_rcc.o(i.RCC_LSEConfig)
    RCC_RTCCLKCmd                            0x08000cd5   Thumb Code     6  stm32f10x_rcc.o(i.RCC_RTCCLKCmd)
    RCC_RTCCLKConfig                         0x08000ce1   Thumb Code    12  stm32f10x_rcc.o(i.RCC_RTCCLKConfig)
    RTC_CheckAndConfig                       0x08000cf1   Thumb Code    92  bsp_rtc.o(i.RTC_CheckAndConfig)
    RTC_ClearITPendingBit                    0x08000d4d   Thumb Code    12  stm32f10x_rtc.o(i.RTC_ClearITPendingBit)
    RTC_EnterConfigMode                      0x08000db5   Thumb Code    14  stm32f10x_rtc.o(i.RTC_EnterConfigMode)
    RTC_ExitConfigMode                       0x08000dc9   Thumb Code    16  stm32f10x_rtc.o(i.RTC_ExitConfigMode)
    RTC_GetCounter                           0x08000ddd   Thumb Code    16  stm32f10x_rtc.o(i.RTC_GetCounter)
    RTC_GetFlagStatus                        0x08000df1   Thumb Code    20  stm32f10x_rtc.o(i.RTC_GetFlagStatus)
    RTC_IRQHandler                           0x08000e09   Thumb Code    40  main.o(i.RTC_IRQHandler)
    RTC_ITConfig                             0x08000e35   Thumb Code    26  stm32f10x_rtc.o(i.RTC_ITConfig)
    RTC_SetCounter                           0x08000e55   Thumb Code    24  stm32f10x_rtc.o(i.RTC_SetCounter)
    RTC_SetPrescaler                         0x08000e71   Thumb Code    26  stm32f10x_rtc.o(i.RTC_SetPrescaler)
    RTC_WaitForLastTask                      0x08000e91   Thumb Code    16  stm32f10x_rtc.o(i.RTC_WaitForLastTask)
    RTC_WaitForSynchro                       0x08000ea5   Thumb Code    30  stm32f10x_rtc.o(i.RTC_WaitForSynchro)
    SVC_Handler                              0x08000ec9   Thumb Code     2  stm32f10x_it.o(i.SVC_Handler)
    SysTick_Handler                          0x08000fb5   Thumb Code     2  stm32f10x_it.o(i.SysTick_Handler)
    SystemInit                               0x08000fb9   Thumb Code    78  system_stm32f10x.o(i.SystemInit)
    TIM2_IRQHandler                          0x080012e1   Thumb Code   164  main.o(i.TIM2_IRQHandler)
    TIM_ARRPreloadConfig                     0x0800139d   Thumb Code    24  stm32f10x_tim.o(i.TIM_ARRPreloadConfig)
    TIM_ClearITPendingBit                    0x080013b5   Thumb Code     6  stm32f10x_tim.o(i.TIM_ClearITPendingBit)
    TIM_Cmd                                  0x080013bb   Thumb Code    24  stm32f10x_tim.o(i.TIM_Cmd)
    TIM_GetCapture4                          0x080013d3   Thumb Code     8  stm32f10x_tim.o(i.TIM_GetCapture4)
    TIM_GetITStatus                          0x080013db   Thumb Code    34  stm32f10x_tim.o(i.TIM_GetITStatus)
    TIM_ICInit                               0x080013fd   Thumb Code   150  stm32f10x_tim.o(i.TIM_ICInit)
    TIM_ITConfig                             0x080014a9   Thumb Code    18  stm32f10x_tim.o(i.TIM_ITConfig)
    TIM_OC3Init                              0x080014bd   Thumb Code   150  stm32f10x_tim.o(i.TIM_OC3Init)
    TIM_OC3PreloadConfig                     0x0800155d   Thumb Code    18  stm32f10x_tim.o(i.TIM_OC3PreloadConfig)
    TIM_SetCompare3                          0x0800156f   Thumb Code     4  stm32f10x_tim.o(i.TIM_SetCompare3)
    TIM_SetIC1Prescaler                      0x08001573   Thumb Code    18  stm32f10x_tim.o(i.TIM_SetIC1Prescaler)
    TIM_SetIC2Prescaler                      0x08001585   Thumb Code    26  stm32f10x_tim.o(i.TIM_SetIC2Prescaler)
    TIM_SetIC3Prescaler                      0x0800159f   Thumb Code    18  stm32f10x_tim.o(i.TIM_SetIC3Prescaler)
    TIM_SetIC4Prescaler                      0x080015b1   Thumb Code    26  stm32f10x_tim.o(i.TIM_SetIC4Prescaler)
    TIM_TimeBaseInit                         0x080015cd   Thumb Code   122  stm32f10x_tim.o(i.TIM_TimeBaseInit)
    Tim3_Int_Init                            0x08001671   Thumb Code   100  bsp_pwm.o(i.Tim3_Int_Init)
    Time_Display                             0x080016fd   Thumb Code   302  bsp_rtc.o(i.Time_Display)
    USART1_IRQHandler                        0x08001835   Thumb Code    26  main.o(i.USART1_IRQHandler)
    USART_Cmd                                0x08001859   Thumb Code    24  stm32f10x_usart.o(i.USART_Cmd)
    USART_GetFlagStatus                      0x08001871   Thumb Code    26  stm32f10x_usart.o(i.USART_GetFlagStatus)
    USART_GetITStatus                        0x0800188b   Thumb Code    84  stm32f10x_usart.o(i.USART_GetITStatus)
    USART_ITConfig                           0x080018df   Thumb Code    74  stm32f10x_usart.o(i.USART_ITConfig)
    USART_Init                               0x08001929   Thumb Code   210  stm32f10x_usart.o(i.USART_Init)
    USART_ReceiveData                        0x08001a01   Thumb Code    10  stm32f10x_usart.o(i.USART_ReceiveData)
    USART_SendData                           0x08001a0b   Thumb Code     8  stm32f10x_usart.o(i.USART_SendData)
    UsageFault_Handler                       0x08001a13   Thumb Code     4  stm32f10x_it.o(i.UsageFault_Handler)
    Usart1Init                               0x08001a19   Thumb Code   162  bsp_debug.o(i.Usart1Init)
    Usart_SendByte                           0x08001ac5   Thumb Code    30  bsp_debug.o(i.Usart_SendByte)
    Usart_SendString                         0x08001ae3   Thumb Code    42  bsp_debug.o(i.Usart_SendString)
    days_in_month                            0x08001bdf   Thumb Code    50  bsp_rtc.o(i.days_in_month)
    days_since_epoch                         0x08001c11   Thumb Code    72  bsp_rtc.o(i.days_since_epoch)
    delay                                    0x08001c59   Thumb Code    22  bsp_rtc.o(i.delay)
    delay_ms                                 0x08001c6f   Thumb Code    24  main.o(i.delay_ms)
    delay_s                                  0x08001c87   Thumb Code    24  main.o(i.delay_s)
    delay_us                                 0x08001ca1   Thumb Code   126  main.o(i.delay_us)
    is_leap_year                             0x08001d31   Thumb Code    52  bsp_rtc.o(i.is_leap_year)
    light_GPIO_Init                          0x08001d65   Thumb Code    88  light_config.o(i.light_GPIO_Init)
    light_config                             0x08001dc5   Thumb Code    36  light_config.o(i.light_config)
    light_config_huyan                       0x08001df5   Thumb Code    44  light_config.o(i.light_config_huyan)
    light_config_zhaoming                    0x08001e2d   Thumb Code    48  light_config.o(i.light_config_zhaoming)
    light_down                               0x08001e69   Thumb Code    36  light_config.o(i.light_down)
    light_off                                0x08001e91   Thumb Code    34  light_config.o(i.light_off)
    light_up                                 0x08001ec1   Thumb Code    40  light_config.o(i.light_up)
    main                                     0x08001eed   Thumb Code   700  main.o(i.main)
    oled_Write_Char                          0x08002405   Thumb Code    58  bsp_oled.o(i.oled_Write_Char)
    oled_Write_Num                           0x08002449   Thumb Code   114  bsp_oled.o(i.oled_Write_Num)
    oled_Write_String                        0x080024c5   Thumb Code    32  bsp_oled.o(i.oled_Write_String)
    oled_clean                               0x080024e5   Thumb Code    72  bsp_oled.o(i.oled_clean)
    refresh                                  0x0800252d   Thumb Code    50  bsp_oled.o(i.refresh)
    __aeabi_dadd                             0x080025fd   Thumb Code     0  daddsub_clz.o(x$fpl$dadd)
    _dadd                                    0x080025fd   Thumb Code   332  daddsub_clz.o(x$fpl$dadd)
    __aeabi_d2iz                             0x0800274d   Thumb Code     0  dfix.o(x$fpl$dfix)
    _dfix                                    0x0800274d   Thumb Code    94  dfix.o(x$fpl$dfix)
    __aeabi_ui2d                             0x080027ab   Thumb Code     0  dflt_clz.o(x$fpl$dfltu)
    _dfltu                                   0x080027ab   Thumb Code    38  dflt_clz.o(x$fpl$dfltu)
    __aeabi_dmul                             0x080027d1   Thumb Code     0  dmul.o(x$fpl$dmul)
    _dmul                                    0x080027d1   Thumb Code   332  dmul.o(x$fpl$dmul)
    __fpl_dnaninf                            0x08002925   Thumb Code   156  dnaninf.o(x$fpl$dnaninf)
    __fpl_dretinf                            0x080029c1   Thumb Code    12  dretinf.o(x$fpl$dretinf)
    __aeabi_drsub                            0x080029cd   Thumb Code     0  daddsub_clz.o(x$fpl$drsb)
    _drsb                                    0x080029cd   Thumb Code    22  daddsub_clz.o(x$fpl$drsb)
    __aeabi_dsub                             0x080029e5   Thumb Code     0  daddsub_clz.o(x$fpl$dsub)
    _dsub                                    0x080029e5   Thumb Code   464  daddsub_clz.o(x$fpl$dsub)
    OLED_F8x16                               0x08002bb8   Data         570  bsp_oled_data.o(.constdata)
    __I$use$fp                               0x08002bb8   Number         0  usenofp.o(x$fpl$usenofp)
    Region$$Table$$Base                      0x08002df4   Number         0  anon$$obj.o(Region$$Table)
    Region$$Table$$Limit                     0x08002e14   Number         0  anon$$obj.o(Region$$Table)
    SystemCoreClock                          0x20000000   Data           4  system_stm32f10x.o(.data)
    AHBPrescTable                            0x20000004   Data          16  system_stm32f10x.o(.data)
    ADC_ConvertedValue_Light                 0x20000028   Data           2  main.o(.data)
    light                                    0x2000002c   Data           4  main.o(.data)
    time                                     0x20000030   Data           4  main.o(.data)
    zi                                       0x20000034   Data           4  main.o(.data)
    LED_VALUE                                0x2000003c   Data           4  main.o(.data)
    zuozi                                    0x20000040   Data           4  main.o(.data)
    zuo                                      0x20000044   Data           4  main.o(.data)
    zidong_light                             0x20000048   Data           4  main.o(.data)
    Value_Times                              0x2000004c   Data           4  main.o(.data)
    rise_time                                0x20000050   Data           4  main.o(.data)
    fall_time                                0x20000054   Data           4  main.o(.data)
    overflow_rise                            0x20000058   Data           4  main.o(.data)
    overflow_fall                            0x2000005c   Data           4  main.o(.data)
    timer_overflow                           0x20000060   Data           4  main.o(.data)
    pulse_duration                           0x20000064   Data           4  main.o(.data)
    GRAM                                     0x20000068   Data         512  bsp_oled.o(.bss)
    __libspace_start                         0x20000268   Data          96  libspace.o(.bss)
    __temporary_stack_top$libspace           0x200002c8   Data           0  libspace.o(.bss)



==============================================================================

Memory Map of the image

  Image Entry point : 0x08000131

  Load Region LR_IROM1 (Base: 0x08000000, Size: 0x00002e7c, Max: 0x00080000, ABSOLUTE)

    Execution Region ER_IROM1 (Exec base: 0x08000000, Load base: 0x08000000, Size: 0x00002e14, Max: 0x00080000, ABSOLUTE)

    Exec Addr    Load Addr    Size         Type   Attr      Idx    E Section Name        Object

    0x08000000   0x08000000   0x00000130   Data   RO            3    RESET               startup_stm32f10x_hd.o
    0x08000130   0x08000130   0x00000008   Code   RO         3163  * !!!main             c_w.l(__main.o)
    0x08000138   0x08000138   0x00000034   Code   RO         3345    !!!scatter          c_w.l(__scatter.o)
    0x0800016c   0x0800016c   0x0000001a   Code   RO         3347    !!handler_copy      c_w.l(__scatter_copy.o)
    0x08000186   0x08000186   0x00000002   PAD
    0x08000188   0x08000188   0x0000001c   Code   RO         3349    !!handler_zi        c_w.l(__scatter_zi.o)
    0x080001a4   0x080001a4   0x00000002   Code   RO         3213    .ARM.Collect$$libinit$$00000000  c_w.l(libinit.o)
    0x080001a6   0x080001a6   0x00000000   Code   RO         3220    .ARM.Collect$$libinit$$00000002  c_w.l(libinit2.o)
    0x080001a6   0x080001a6   0x00000000   Code   RO         3222    .ARM.Collect$$libinit$$00000004  c_w.l(libinit2.o)
    0x080001a6   0x080001a6   0x00000000   Code   RO         3225    .ARM.Collect$$libinit$$0000000A  c_w.l(libinit2.o)
    0x080001a6   0x080001a6   0x00000000   Code   RO         3227    .ARM.Collect$$libinit$$0000000C  c_w.l(libinit2.o)
    0x080001a6   0x080001a6   0x00000000   Code   RO         3229    .ARM.Collect$$libinit$$0000000E  c_w.l(libinit2.o)
    0x080001a6   0x080001a6   0x00000000   Code   RO         3232    .ARM.Collect$$libinit$$00000011  c_w.l(libinit2.o)
    0x080001a6   0x080001a6   0x00000000   Code   RO         3234    .ARM.Collect$$libinit$$00000013  c_w.l(libinit2.o)
    0x080001a6   0x080001a6   0x00000000   Code   RO         3236    .ARM.Collect$$libinit$$00000015  c_w.l(libinit2.o)
    0x080001a6   0x080001a6   0x00000000   Code   RO         3238    .ARM.Collect$$libinit$$00000017  c_w.l(libinit2.o)
    0x080001a6   0x080001a6   0x00000000   Code   RO         3240    .ARM.Collect$$libinit$$00000019  c_w.l(libinit2.o)
    0x080001a6   0x080001a6   0x00000000   Code   RO         3242    .ARM.Collect$$libinit$$0000001B  c_w.l(libinit2.o)
    0x080001a6   0x080001a6   0x00000000   Code   RO         3244    .ARM.Collect$$libinit$$0000001D  c_w.l(libinit2.o)
    0x080001a6   0x080001a6   0x00000000   Code   RO         3246    .ARM.Collect$$libinit$$0000001F  c_w.l(libinit2.o)
    0x080001a6   0x080001a6   0x00000000   Code   RO         3248    .ARM.Collect$$libinit$$00000021  c_w.l(libinit2.o)
    0x080001a6   0x080001a6   0x00000000   Code   RO         3250    .ARM.Collect$$libinit$$00000023  c_w.l(libinit2.o)
    0x080001a6   0x080001a6   0x00000000   Code   RO         3252    .ARM.Collect$$libinit$$00000025  c_w.l(libinit2.o)
    0x080001a6   0x080001a6   0x00000000   Code   RO         3256    .ARM.Collect$$libinit$$0000002C  c_w.l(libinit2.o)
    0x080001a6   0x080001a6   0x00000000   Code   RO         3258    .ARM.Collect$$libinit$$0000002E  c_w.l(libinit2.o)
    0x080001a6   0x080001a6   0x00000000   Code   RO         3260    .ARM.Collect$$libinit$$00000030  c_w.l(libinit2.o)
    0x080001a6   0x080001a6   0x00000000   Code   RO         3262    .ARM.Collect$$libinit$$00000032  c_w.l(libinit2.o)
    0x080001a6   0x080001a6   0x00000002   Code   RO         3263    .ARM.Collect$$libinit$$00000033  c_w.l(libinit2.o)
    0x080001a8   0x080001a8   0x00000002   Code   RO         3283    .ARM.Collect$$libshutdown$$00000000  c_w.l(libshutdown.o)
    0x080001aa   0x080001aa   0x00000000   Code   RO         3296    .ARM.Collect$$libshutdown$$00000002  c_w.l(libshutdown2.o)
    0x080001aa   0x080001aa   0x00000000   Code   RO         3298    .ARM.Collect$$libshutdown$$00000004  c_w.l(libshutdown2.o)
    0x080001aa   0x080001aa   0x00000000   Code   RO         3300    .ARM.Collect$$libshutdown$$00000006  c_w.l(libshutdown2.o)
    0x080001aa   0x080001aa   0x00000000   Code   RO         3303    .ARM.Collect$$libshutdown$$00000009  c_w.l(libshutdown2.o)
    0x080001aa   0x080001aa   0x00000000   Code   RO         3306    .ARM.Collect$$libshutdown$$0000000C  c_w.l(libshutdown2.o)
    0x080001aa   0x080001aa   0x00000000   Code   RO         3308    .ARM.Collect$$libshutdown$$0000000E  c_w.l(libshutdown2.o)
    0x080001aa   0x080001aa   0x00000000   Code   RO         3311    .ARM.Collect$$libshutdown$$00000011  c_w.l(libshutdown2.o)
    0x080001aa   0x080001aa   0x00000002   Code   RO         3312    .ARM.Collect$$libshutdown$$00000012  c_w.l(libshutdown2.o)
    0x080001ac   0x080001ac   0x00000000   Code   RO         3183    .ARM.Collect$$rtentry$$00000000  c_w.l(__rtentry.o)
    0x080001ac   0x080001ac   0x00000000   Code   RO         3190    .ARM.Collect$$rtentry$$00000002  c_w.l(__rtentry2.o)
    0x080001ac   0x080001ac   0x00000006   Code   RO         3202    .ARM.Collect$$rtentry$$00000004  c_w.l(__rtentry4.o)
    0x080001b2   0x080001b2   0x00000000   Code   RO         3192    .ARM.Collect$$rtentry$$00000009  c_w.l(__rtentry2.o)
    0x080001b2   0x080001b2   0x00000004   Code   RO         3193    .ARM.Collect$$rtentry$$0000000A  c_w.l(__rtentry2.o)
    0x080001b6   0x080001b6   0x00000000   Code   RO         3195    .ARM.Collect$$rtentry$$0000000C  c_w.l(__rtentry2.o)
    0x080001b6   0x080001b6   0x00000008   Code   RO         3196    .ARM.Collect$$rtentry$$0000000D  c_w.l(__rtentry2.o)
    0x080001be   0x080001be   0x00000002   Code   RO         3217    .ARM.Collect$$rtexit$$00000000  c_w.l(rtexit.o)
    0x080001c0   0x080001c0   0x00000000   Code   RO         3265    .ARM.Collect$$rtexit$$00000002  c_w.l(rtexit2.o)
    0x080001c0   0x080001c0   0x00000004   Code   RO         3266    .ARM.Collect$$rtexit$$00000003  c_w.l(rtexit2.o)
    0x080001c4   0x080001c4   0x00000006   Code   RO         3267    .ARM.Collect$$rtexit$$00000004  c_w.l(rtexit2.o)
    0x080001ca   0x080001ca   0x00000002   PAD
    0x080001cc   0x080001cc   0x00000040   Code   RO            4    .text               startup_stm32f10x_hd.o
    0x0800020c   0x0800020c   0x0000004e   Code   RO         3159    .text               c_w.l(rt_memclr_w.o)
    0x0800025a   0x0800025a   0x00000006   Code   RO         3161    .text               c_w.l(heapauxi.o)
    0x08000260   0x08000260   0x0000004a   Code   RO         3204    .text               c_w.l(sys_stackheap_outer.o)
    0x080002aa   0x080002aa   0x00000012   Code   RO         3206    .text               c_w.l(exit.o)
    0x080002bc   0x080002bc   0x00000008   Code   RO         3214    .text               c_w.l(libspace.o)
    0x080002c4   0x080002c4   0x0000000c   Code   RO         3275    .text               c_w.l(sys_exit.o)
    0x080002d0   0x080002d0   0x00000002   Code   RO         3286    .text               c_w.l(use_no_semi.o)
    0x080002d2   0x080002d2   0x00000000   Code   RO         3288    .text               c_w.l(indicate_semi.o)
    0x080002d2   0x080002d2   0x00000002   PAD
    0x080002d4   0x080002d4   0x00000030   Code   RO         2722    i.ADC1_2_IRQHandler  main.o
    0x08000304   0x08000304   0x0000000a   Code   RO         2316    i.ADC_ClearITPendingBit  stm32f10x_adc.o
    0x0800030e   0x0800030e   0x00000016   Code   RO         2317    i.ADC_Cmd           stm32f10x_adc.o
    0x08000324   0x08000324   0x00000010   Code   RO         2912    i.ADC_EN            bsp_ad_light.o
    0x08000334   0x08000334   0x00000014   Code   RO         2325    i.ADC_GetCalibrationStatus  stm32f10x_adc.o
    0x08000348   0x08000348   0x00000008   Code   RO         2326    i.ADC_GetConversionValue  stm32f10x_adc.o
    0x08000350   0x08000350   0x00000024   Code   RO         2329    i.ADC_GetITStatus   stm32f10x_adc.o
    0x08000374   0x08000374   0x00000014   Code   RO         2331    i.ADC_GetResetCalibrationStatus  stm32f10x_adc.o
    0x08000388   0x08000388   0x00000018   Code   RO         2334    i.ADC_ITConfig      stm32f10x_adc.o
    0x080003a0   0x080003a0   0x00000050   Code   RO         2335    i.ADC_Init          stm32f10x_adc.o
    0x080003f0   0x080003f0   0x000000b8   Code   RO         2339    i.ADC_RegularChannelConfig  stm32f10x_adc.o
    0x080004a8   0x080004a8   0x0000000a   Code   RO         2340    i.ADC_ResetCalibration  stm32f10x_adc.o
    0x080004b2   0x080004b2   0x00000016   Code   RO         2342    i.ADC_SoftwareStartConvCmd  stm32f10x_adc.o
    0x080004c8   0x080004c8   0x0000000a   Code   RO         2344    i.ADC_StartCalibration  stm32f10x_adc.o
    0x080004d2   0x080004d2   0x00000010   Code   RO         2571    i.BKP_DeInit        stm32f10x_bkp.o
    0x080004e2   0x080004e2   0x00000002   PAD
    0x080004e4   0x080004e4   0x0000001c   Code   RO         2576    i.BKP_ReadBackupRegister  stm32f10x_bkp.o
    0x08000500   0x08000500   0x0000001c   Code   RO         2580    i.BKP_WriteBackupRegister  stm32f10x_bkp.o
    0x0800051c   0x0800051c   0x00000004   Code   RO         2647    i.BusFault_Handler  stm32f10x_it.o
    0x08000520   0x08000520   0x00000002   Code   RO         2648    i.DebugMon_Handler  stm32f10x_it.o
    0x08000522   0x08000522   0x00000002   Code   RO         2649    i.EXTI0_IRQHandler  stm32f10x_it.o
    0x08000524   0x08000524   0x00000002   Code   RO         2650    i.EXTI15_10_IRQHandler  stm32f10x_it.o
    0x08000526   0x08000526   0x00000116   Code   RO         1759    i.GPIO_Init         stm32f10x_gpio.o
    0x0800063c   0x0800063c   0x00000090   Code   RO         1761    i.GPIO_PinRemapConfig  stm32f10x_gpio.o
    0x080006cc   0x080006cc   0x00000012   Code   RO         1763    i.GPIO_ReadInputDataBit  stm32f10x_gpio.o
    0x080006de   0x080006de   0x00000004   Code   RO         1766    i.GPIO_ResetBits    stm32f10x_gpio.o
    0x080006e2   0x080006e2   0x00000004   Code   RO         1767    i.GPIO_SetBits      stm32f10x_gpio.o
    0x080006e6   0x080006e6   0x00000002   PAD
    0x080006e8   0x080006e8   0x00000024   Code   RO         2808    i.GRAM_0            bsp_oled.o
    0x0800070c   0x0800070c   0x00000050   Code   RO         3128    i.HS_GPIO_Config    hs_ceju.o
    0x0800075c   0x0800075c   0x0000000c   Code   RO         3129    i.HS_Init           hs_ceju.o
    0x08000768   0x08000768   0x0000005c   Code   RO         3130    i.HS_read           hs_ceju.o
    0x080007c4   0x080007c4   0x00000004   Code   RO         2651    i.HardFault_Handler  stm32f10x_it.o
    0x080007c8   0x080007c8   0x0000002a   Code   RO         1552    i.I2C_CheckEvent    stm32f10x_i2c.o
    0x080007f2   0x080007f2   0x00000018   Code   RO         1555    i.I2C_Cmd           stm32f10x_i2c.o
    0x0800080a   0x0800080a   0x00000018   Code   RO         1562    i.I2C_GenerateSTART  stm32f10x_i2c.o
    0x08000822   0x08000822   0x00000018   Code   RO         1563    i.I2C_GenerateSTOP  stm32f10x_i2c.o
    0x0800083a   0x0800083a   0x00000002   PAD
    0x0800083c   0x0800083c   0x000000ec   Code   RO         1569    i.I2C_Init          stm32f10x_i2c.o
    0x08000928   0x08000928   0x00000012   Code   RO         1576    i.I2C_Send7bitAddress  stm32f10x_i2c.o
    0x0800093a   0x0800093a   0x00000004   Code   RO         1577    i.I2C_SendData      stm32f10x_i2c.o
    0x0800093e   0x0800093e   0x00000002   PAD
    0x08000940   0x08000940   0x0000007c   Code   RO         2809    i.I2c_Write_byte    bsp_oled.o
    0x080009bc   0x080009bc   0x00000004   Code   RO         2652    i.MemManage_Handler  stm32f10x_it.o
    0x080009c0   0x080009c0   0x00000002   Code   RO         2653    i.NMI_Handler       stm32f10x_it.o
    0x080009c2   0x080009c2   0x00000020   Code   RO         3025    i.NVIC_Configuration  bsp_rtc.o
    0x080009e2   0x080009e2   0x00000002   PAD
    0x080009e4   0x080009e4   0x00000070   Code   RO         2533    i.NVIC_Init         misc.o
    0x08000a54   0x08000a54   0x00000014   Code   RO         2810    i.OLED_EN           bsp_oled.o
    0x08000a68   0x08000a68   0x00000040   Code   RO         2811    i.OLED_SetCursor    bsp_oled.o
    0x08000aa8   0x08000aa8   0x00000014   Code   RO         2939    i.PWM_Config        bsp_pwm.o
    0x08000abc   0x08000abc   0x00000012   Code   RO         2940    i.PWM_EN            bsp_pwm.o
    0x08000ace   0x08000ace   0x00000002   PAD
    0x08000ad0   0x08000ad0   0x00000038   Code   RO         2941    i.PWM_Gpio_Init     bsp_pwm.o
    0x08000b08   0x08000b08   0x0000000c   Code   RO         1489    i.PWR_BackupAccessCmd  stm32f10x_pwr.o
    0x08000b14   0x08000b14   0x00000002   Code   RO         2654    i.PendSV_Handler    stm32f10x_it.o
    0x08000b16   0x08000b16   0x00000002   PAD
    0x08000b18   0x08000b18   0x00000018   Code   RO         1289    i.RCC_ADCCLKConfig  stm32f10x_rcc.o
    0x08000b30   0x08000b30   0x00000020   Code   RO         1291    i.RCC_APB1PeriphClockCmd  stm32f10x_rcc.o
    0x08000b50   0x08000b50   0x00000020   Code   RO         1293    i.RCC_APB2PeriphClockCmd  stm32f10x_rcc.o
    0x08000b70   0x08000b70   0x0000000c   Code   RO         1296    i.RCC_BackupResetCmd  stm32f10x_rcc.o
    0x08000b7c   0x08000b7c   0x00000014   Code   RO         1297    i.RCC_ClearFlag     stm32f10x_rcc.o
    0x08000b90   0x08000b90   0x000000d4   Code   RO         1301    i.RCC_GetClocksFreq  stm32f10x_rcc.o
    0x08000c64   0x08000c64   0x0000003c   Code   RO         1302    i.RCC_GetFlagStatus  stm32f10x_rcc.o
    0x08000ca0   0x08000ca0   0x00000034   Code   RO         1309    i.RCC_LSEConfig     stm32f10x_rcc.o
    0x08000cd4   0x08000cd4   0x0000000c   Code   RO         1316    i.RCC_RTCCLKCmd     stm32f10x_rcc.o
    0x08000ce0   0x08000ce0   0x00000010   Code   RO         1317    i.RCC_RTCCLKConfig  stm32f10x_rcc.o
    0x08000cf0   0x08000cf0   0x0000005c   Code   RO         3026    i.RTC_CheckAndConfig  bsp_rtc.o
    0x08000d4c   0x08000d4c   0x00000010   Code   RO         1200    i.RTC_ClearITPendingBit  stm32f10x_rtc.o
    0x08000d5c   0x08000d5c   0x00000058   Code   RO         3027    i.RTC_Configuration  bsp_rtc.o
    0x08000db4   0x08000db4   0x00000014   Code   RO         1201    i.RTC_EnterConfigMode  stm32f10x_rtc.o
    0x08000dc8   0x08000dc8   0x00000014   Code   RO         1202    i.RTC_ExitConfigMode  stm32f10x_rtc.o
    0x08000ddc   0x08000ddc   0x00000014   Code   RO         1203    i.RTC_GetCounter    stm32f10x_rtc.o
    0x08000df0   0x08000df0   0x00000018   Code   RO         1205    i.RTC_GetFlagStatus  stm32f10x_rtc.o
    0x08000e08   0x08000e08   0x0000002c   Code   RO         2723    i.RTC_IRQHandler    main.o
    0x08000e34   0x08000e34   0x00000020   Code   RO         1207    i.RTC_ITConfig      stm32f10x_rtc.o
    0x08000e54   0x08000e54   0x0000001c   Code   RO         1209    i.RTC_SetCounter    stm32f10x_rtc.o
    0x08000e70   0x08000e70   0x00000020   Code   RO         1210    i.RTC_SetPrescaler  stm32f10x_rtc.o
    0x08000e90   0x08000e90   0x00000014   Code   RO         1211    i.RTC_WaitForLastTask  stm32f10x_rtc.o
    0x08000ea4   0x08000ea4   0x00000024   Code   RO         1212    i.RTC_WaitForSynchro  stm32f10x_rtc.o
    0x08000ec8   0x08000ec8   0x00000002   Code   RO         2655    i.SVC_Handler       stm32f10x_it.o
    0x08000eca   0x08000eca   0x00000008   Code   RO           24    i.SetSysClock       system_stm32f10x.o
    0x08000ed2   0x08000ed2   0x00000002   PAD
    0x08000ed4   0x08000ed4   0x000000e0   Code   RO           25    i.SetSysClockTo72   system_stm32f10x.o
    0x08000fb4   0x08000fb4   0x00000002   Code   RO         2656    i.SysTick_Handler   stm32f10x_it.o
    0x08000fb6   0x08000fb6   0x00000002   PAD
    0x08000fb8   0x08000fb8   0x00000060   Code   RO           27    i.SystemInit        system_stm32f10x.o
    0x08001018   0x08001018   0x00000080   Code   RO          321    i.TI1_Config        stm32f10x_tim.o
    0x08001098   0x08001098   0x00000098   Code   RO          322    i.TI2_Config        stm32f10x_tim.o
    0x08001130   0x08001130   0x00000090   Code   RO          323    i.TI3_Config        stm32f10x_tim.o
    0x080011c0   0x080011c0   0x00000098   Code   RO          324    i.TI4_Config        stm32f10x_tim.o
    0x08001258   0x08001258   0x00000086   Code   RO         3131    i.TIM2_Config       hs_ceju.o
    0x080012de   0x080012de   0x00000002   PAD
    0x080012e0   0x080012e0   0x000000bc   Code   RO         2724    i.TIM2_IRQHandler   main.o
    0x0800139c   0x0800139c   0x00000018   Code   RO          325    i.TIM_ARRPreloadConfig  stm32f10x_tim.o
    0x080013b4   0x080013b4   0x00000006   Code   RO          332    i.TIM_ClearITPendingBit  stm32f10x_tim.o
    0x080013ba   0x080013ba   0x00000018   Code   RO          337    i.TIM_Cmd           stm32f10x_tim.o
    0x080013d2   0x080013d2   0x00000008   Code   RO          355    i.TIM_GetCapture4   stm32f10x_tim.o
    0x080013da   0x080013da   0x00000022   Code   RO          358    i.TIM_GetITStatus   stm32f10x_tim.o
    0x080013fc   0x080013fc   0x000000ac   Code   RO          360    i.TIM_ICInit        stm32f10x_tim.o
    0x080014a8   0x080014a8   0x00000012   Code   RO          362    i.TIM_ITConfig      stm32f10x_tim.o
    0x080014ba   0x080014ba   0x00000002   PAD
    0x080014bc   0x080014bc   0x000000a0   Code   RO          376    i.TIM_OC3Init       stm32f10x_tim.o
    0x0800155c   0x0800155c   0x00000012   Code   RO          379    i.TIM_OC3PreloadConfig  stm32f10x_tim.o
    0x0800156e   0x0800156e   0x00000004   Code   RO          400    i.TIM_SetCompare3   stm32f10x_tim.o
    0x08001572   0x08001572   0x00000012   Code   RO          403    i.TIM_SetIC1Prescaler  stm32f10x_tim.o
    0x08001584   0x08001584   0x0000001a   Code   RO          404    i.TIM_SetIC2Prescaler  stm32f10x_tim.o
    0x0800159e   0x0800159e   0x00000012   Code   RO          405    i.TIM_SetIC3Prescaler  stm32f10x_tim.o
    0x080015b0   0x080015b0   0x0000001a   Code   RO          406    i.TIM_SetIC4Prescaler  stm32f10x_tim.o
    0x080015ca   0x080015ca   0x00000002   PAD
    0x080015cc   0x080015cc   0x000000a4   Code   RO          408    i.TIM_TimeBaseInit  stm32f10x_tim.o
    0x08001670   0x08001670   0x00000068   Code   RO         2942    i.Tim3_Int_Init     bsp_pwm.o
    0x080016d8   0x080016d8   0x00000022   Code   RO         3028    i.Time_Adjust       bsp_rtc.o
    0x080016fa   0x080016fa   0x00000002   PAD
    0x080016fc   0x080016fc   0x00000138   Code   RO         3029    i.Time_Display      bsp_rtc.o
    0x08001834   0x08001834   0x00000024   Code   RO         2725    i.USART1_IRQHandler  main.o
    0x08001858   0x08001858   0x00000018   Code   RO          141    i.USART_Cmd         stm32f10x_usart.o
    0x08001870   0x08001870   0x0000001a   Code   RO          144    i.USART_GetFlagStatus  stm32f10x_usart.o
    0x0800188a   0x0800188a   0x00000054   Code   RO          145    i.USART_GetITStatus  stm32f10x_usart.o
    0x080018de   0x080018de   0x0000004a   Code   RO          147    i.USART_ITConfig    stm32f10x_usart.o
    0x08001928   0x08001928   0x000000d8   Code   RO          148    i.USART_Init        stm32f10x_usart.o
    0x08001a00   0x08001a00   0x0000000a   Code   RO          155    i.USART_ReceiveData  stm32f10x_usart.o
    0x08001a0a   0x08001a0a   0x00000008   Code   RO          158    i.USART_SendData    stm32f10x_usart.o
    0x08001a12   0x08001a12   0x00000004   Code   RO         2657    i.UsageFault_Handler  stm32f10x_it.o
    0x08001a16   0x08001a16   0x00000002   PAD
    0x08001a18   0x08001a18   0x000000ac   Code   RO         3093    i.Usart1Init        bsp_debug.o
    0x08001ac4   0x08001ac4   0x0000001e   Code   RO         3094    i.Usart_SendByte    bsp_debug.o
    0x08001ae2   0x08001ae2   0x0000002a   Code   RO         3096    i.Usart_SendString  bsp_debug.o
    0x08001b0c   0x08001b0c   0x00000024   Code   RO         2913    i.adc_Gpio_Init     bsp_ad_light.o
    0x08001b30   0x08001b30   0x00000090   Code   RO         2914    i.adc_Mode_Init     bsp_ad_light.o
    0x08001bc0   0x08001bc0   0x0000001e   Code   RO         2915    i.adc_Nvic_Config   bsp_ad_light.o
    0x08001bde   0x08001bde   0x00000032   Code   RO         3030    i.days_in_month     bsp_rtc.o
    0x08001c10   0x08001c10   0x00000048   Code   RO         3031    i.days_since_epoch  bsp_rtc.o
    0x08001c58   0x08001c58   0x00000016   Code   RO         3032    i.delay             bsp_rtc.o
    0x08001c6e   0x08001c6e   0x00000018   Code   RO         2726    i.delay_ms          main.o
    0x08001c86   0x08001c86   0x00000018   Code   RO         2727    i.delay_s           main.o
    0x08001c9e   0x08001c9e   0x00000002   PAD
    0x08001ca0   0x08001ca0   0x00000090   Code   RO         2728    i.delay_us          main.o
    0x08001d30   0x08001d30   0x00000034   Code   RO         3033    i.is_leap_year      bsp_rtc.o
    0x08001d64   0x08001d64   0x00000060   Code   RO         2970    i.light_GPIO_Init   light_config.o
    0x08001dc4   0x08001dc4   0x00000030   Code   RO         2971    i.light_config      light_config.o
    0x08001df4   0x08001df4   0x00000038   Code   RO         2972    i.light_config_huyan  light_config.o
    0x08001e2c   0x08001e2c   0x0000003c   Code   RO         2973    i.light_config_zhaoming  light_config.o
    0x08001e68   0x08001e68   0x00000028   Code   RO         2974    i.light_down        light_config.o
    0x08001e90   0x08001e90   0x00000030   Code   RO         2975    i.light_off         light_config.o
    0x08001ec0   0x08001ec0   0x0000002c   Code   RO         2976    i.light_up          light_config.o
    0x08001eec   0x08001eec   0x00000354   Code   RO         2729    i.main              main.o
    0x08002240   0x08002240   0x00000038   Code   RO         3034    i.mktimev           bsp_rtc.o
    0x08002278   0x08002278   0x0000001a   Code   RO         2812    i.num_pow           bsp_oled.o
    0x08002292   0x08002292   0x0000001a   Code   RO         2813    i.oled_Delayms      bsp_oled.o
    0x080022ac   0x080022ac   0x00000034   Code   RO         2814    i.oled_I2c_Gpio_Init  bsp_oled.o
    0x080022e0   0x080022e0   0x00000044   Code   RO         2815    i.oled_I2c_Init     bsp_oled.o
    0x08002324   0x08002324   0x000000de   Code   RO         2816    i.oled_Init         bsp_oled.o
    0x08002402   0x08002402   0x00000002   PAD
    0x08002404   0x08002404   0x00000044   Code   RO         2817    i.oled_Write_Char   bsp_oled.o
    0x08002448   0x08002448   0x0000007c   Code   RO         2818    i.oled_Write_Num    bsp_oled.o
    0x080024c4   0x080024c4   0x00000020   Code   RO         2819    i.oled_Write_String  bsp_oled.o
    0x080024e4   0x080024e4   0x00000048   Code   RO         2820    i.oled_clean        bsp_oled.o
    0x0800252c   0x0800252c   0x00000038   Code   RO         2821    i.refresh           bsp_oled.o
    0x08002564   0x08002564   0x00000098   Code   RO         3035    i.to_tm             bsp_rtc.o
    0x080025fc   0x080025fc   0x00000150   Code   RO         3165    x$fpl$dadd          fz_ws.l(daddsub_clz.o)
    0x0800274c   0x0800274c   0x0000005e   Code   RO         3171    x$fpl$dfix          fz_ws.l(dfix.o)
    0x080027aa   0x080027aa   0x00000026   Code   RO         3175    x$fpl$dfltu         fz_ws.l(dflt_clz.o)
    0x080027d0   0x080027d0   0x00000154   Code   RO         3181    x$fpl$dmul          fz_ws.l(dmul.o)
    0x08002924   0x08002924   0x0000009c   Code   RO         3184    x$fpl$dnaninf       fz_ws.l(dnaninf.o)
    0x080029c0   0x080029c0   0x0000000c   Code   RO         3186    x$fpl$dretinf       fz_ws.l(dretinf.o)
    0x080029cc   0x080029cc   0x00000016   Code   RO         3166    x$fpl$drsb          fz_ws.l(daddsub_clz.o)
    0x080029e2   0x080029e2   0x00000002   PAD
    0x080029e4   0x080029e4   0x000001d4   Code   RO         3167    x$fpl$dsub          fz_ws.l(daddsub_clz.o)
    0x08002bb8   0x08002bb8   0x00000000   Code   RO         3188    x$fpl$usenofp       fz_ws.l(usenofp.o)
    0x08002bb8   0x08002bb8   0x0000023a   Data   RO         2900    .constdata          bsp_oled_data.o
    0x08002df2   0x08002df2   0x00000002   PAD
    0x08002df4   0x08002df4   0x00000020   Data   RO         3343    Region$$Table       anon$$obj.o


    Execution Region RW_IRAM1 (Exec base: 0x20000000, Load base: 0x08002e14, Size: 0x000008c8, Max: 0x00010000, ABSOLUTE)

    Exec Addr    Load Addr    Size         Type   Attr      Idx    E Section Name        Object

    0x20000000   0x08002e14   0x00000014   Data   RW           28    .data               system_stm32f10x.o
    0x20000014   0x08002e28   0x00000014   Data   RW         1321    .data               stm32f10x_rcc.o
    0x20000028   0x08002e3c   0x00000040   Data   RW         2730    .data               main.o
    0x20000068        -       0x00000200   Zero   RW         2822    .bss                bsp_oled.o
    0x20000268        -       0x00000060   Zero   RW         3215    .bss                c_w.l(libspace.o)
    0x200002c8        -       0x00000200   Zero   RW            2    HEAP                startup_stm32f10x_hd.o
    0x200004c8        -       0x00000400   Zero   RW            1    STACK               startup_stm32f10x_hd.o


==============================================================================

Image component sizes


      Code (inc. data)   RO Data    RW Data    ZI Data      Debug   Object Name

       226         10          0          0          0       1845   bsp_ad_light.o
       244         10          0          0          0       2057   bsp_debug.o
       990         60          0          0        512       8094   bsp_oled.o
         0          0        570          0          0        517   bsp_oled_data.o
       198         20          0          0          0       2026   bsp_pwm.o
       962         16          0          0          0       6367   bsp_rtc.o
         0          0          0          0          0       4532   core_cm3.o
       318         26          0          0          0       1932   hs_ceju.o
       392         66          0          0          0       3222   light_config.o
      1360        226          0         64          0      21233   main.o
       112         12          0          0          0        944   misc.o
        64         26        304          0       1536        820   startup_stm32f10x_hd.o
       446         10          0          0          0       8866   stm32f10x_adc.o
        72         10          0          0          0       2544   stm32f10x_bkp.o
       448          6          0          0          0       4278   stm32f10x_gpio.o
       372         14          0          0          0       5618   stm32f10x_i2c.o
        30          0          0          0          0       4576   stm32f10x_it.o
        12          6          0          0          0        478   stm32f10x_pwr.o
       472         70          0         20          0       7769   stm32f10x_rcc.o
       248         48          0          0          0       4826   stm32f10x_rtc.o
      1296        160          0          0          0      11775   stm32f10x_tim.o
       442          6          0          0          0       5885   stm32f10x_usart.o
       328         28          0         20          0     267189   system_stm32f10x.o

    ----------------------------------------------------------------------
      9064        830        908        104       2048     377393   Object Totals
         0          0         32          0          0          0   (incl. Generated)
        32          0          2          0          0          0   (incl. Padding)

    ----------------------------------------------------------------------

      Code (inc. data)   RO Data    RW Data    ZI Data      Debug   Library Member Name

         8          0          0          0          0         68   __main.o
         0          0          0          0          0          0   __rtentry.o
        12          0          0          0          0          0   __rtentry2.o
         6          0          0          0          0          0   __rtentry4.o
        52          8          0          0          0          0   __scatter.o
        26          0          0          0          0          0   __scatter_copy.o
        28          0          0          0          0          0   __scatter_zi.o
        18          0          0          0          0         80   exit.o
         6          0          0          0          0        152   heapauxi.o
         0          0          0          0          0          0   indicate_semi.o
         2          0          0          0          0          0   libinit.o
         2          0          0          0          0          0   libinit2.o
         2          0          0          0          0          0   libshutdown.o
         2          0          0          0          0          0   libshutdown2.o
         8          4          0          0         96         68   libspace.o
        78          0          0          0          0         80   rt_memclr_w.o
         2          0          0          0          0          0   rtexit.o
        10          0          0          0          0          0   rtexit2.o
        12          4          0          0          0         68   sys_exit.o
        74          0          0          0          0         80   sys_stackheap_outer.o
         2          0          0          0          0         68   use_no_semi.o
       826         16          0          0          0        348   daddsub_clz.o
        94          4          0          0          0         92   dfix.o
        38          0          0          0          0         68   dflt_clz.o
       340         12          0          0          0        104   dmul.o
       156          4          0          0          0         92   dnaninf.o
        12          0          0          0          0         68   dretinf.o
         0          0          0          0          0          0   usenofp.o

    ----------------------------------------------------------------------
      1824         52          0          0         96       1436   Library Totals
         8          0          0          0          0          0   (incl. Padding)

    ----------------------------------------------------------------------

      Code (inc. data)   RO Data    RW Data    ZI Data      Debug   Library Name

       350         16          0          0         96        664   c_w.l
      1466         36          0          0          0        772   fz_ws.l

    ----------------------------------------------------------------------
      1824         52          0          0         96       1436   Library Totals

    ----------------------------------------------------------------------

==============================================================================


      Code (inc. data)   RO Data    RW Data    ZI Data      Debug   

     10888        882        908        104       2144     371025   Grand Totals
     10888        882        908        104       2144     371025   ELF Image Totals
     10888        882        908        104          0          0   ROM Totals

==============================================================================

    Total RO  Size (Code + RO Data)                11796 (  11.52kB)
    Total RW  Size (RW Data + ZI Data)              2248 (   2.20kB)
    Total ROM Size (Code + RO Data + RW Data)      11900 (  11.62kB)

==============================================================================

